{"schema_version":1,"timestamp":"2026-08-31T23:01:55-04:00","cwd":"{PRODUCT_ROOT}","command":"python3 /home/gajap/uSandbox/repos/nebula/nebula-insurance-crm/scripts/kg/compile.py","exit_code":0,"artifacts":[],"redactions":[]}
{"schema_version":1,"timestamp":"2026-08-31T23:02:01-04:00","cwd":"{PRODUCT_ROOT}","command":"python3 /home/gajap/uSandbox/repos/nebula/nebula-insurance-crm/scripts/kg/validate.py --check-drift","exit_code":0,"artifacts":[],"redactions":[]}
{"schema_version":1,"timestamp":"2026-08-31T23:03:34-04:00","cwd":"nebula-agents","command":"python3 agents/product-manager/scripts/validate-stories.py /home/gajap/uSandbox/repos/nebula/nebula-insurance-crm/planning-mds/features/F0040-neuron-second-specialist-head","exit_code":0,"artifacts":[],"redactions":[]}
{"schema_version":1,"timestamp":"2026-08-31T23:03:34-04:00","cwd":"nebula-agents","command":"python3 agents/product-manager/scripts/generate-story-index.py /home/gajap/uSandbox/repos/nebula/nebula-insurance-crm/planning-mds/features/","exit_code":0,"artifacts":[],"redactions":[]}
{"schema_version":1,"timestamp":"2026-08-31T23:03:34-04:00","cwd":"nebula-agents","command":"python3 agents/product-manager/scripts/validate-trackers.py --product-root /home/gajap/uSandbox/repos/nebula/nebula-insurance-crm --skip-feature-evidence","exit_code":0,"artifacts":[],"redactions":[]}
{"schema_version":1,"timestamp":"2026-08-31T23:03:46-04:00","cwd":"{PRODUCT_ROOT}","command":"python3 /home/gajap/uSandbox/repos/nebula/nebula-insurance-crm/scripts/kg/validate.py --write-coverage-report","exit_code":0,"artifacts":[],"redactions":[]}
{"schema_version":1,"timestamp":"2026-08-31T23:03:51-04:00","cwd":"{PRODUCT_ROOT}","command":"python3 /home/gajap/uSandbox/repos/nebula/nebula-insurance-crm/scripts/kg/validate.py --check-drift","exit_code":0,"artifacts":[],"redactions":[]}
{"schema_version":1,"timestamp":"2026-08-31T23:03:53-04:00","cwd":"{PRODUCT_ROOT}","command":"python3 /home/gajap/uSandbox/repos/nebula/nebula-insurance-crm/scripts/kg/validate.py --check-reproducible","exit_code":0,"artifacts":[],"redactions":[]}
{"schema_version":1,"timestamp":"2026-08-31T23:03:53-04:00","cwd":"nebula-agents","command":"python3 agents/scripts/validate_templates.py","exit_code":0,"artifacts":[],"redactions":[]}
{"schema_version":1,"timestamp":"2026-08-31T23:31:55-04:00","cwd":"nebula-agents","command":"wc -l agents/ROUTER.md agents/agent-map.yaml agents/docs/AGENT-USE.md agents/actions/plan.md agents/product-manager/SKILL.md","exit_code":0,"artifacts":[],"redactions":[]}
{"schema_version":1,"timestamp":"2026-09-01T20:31:15-04:00","cwd":"{PRODUCT_ROOT}/framework","command":"wc -l agents/ROUTER.md agents/agent-map.yaml agents/docs/AGENT-USE.md agents/actions/plan.md agents/product-manager/SKILL.md","exit_code":0,"artifacts":[],"redactions":[]}
{"schema_version":1,"timestamp":"2026-09-01T20:31:23-04:00","cwd":"{PRODUCT_ROOT}/framework","command":"sed -n '1,220p' agents/ROUTER.md","exit_code":0,"artifacts":[],"redactions":[]}
{"schema_version":1,"timestamp":"2026-09-01T20:31:23-04:00","cwd":"{PRODUCT_ROOT}/framework","command":"sed -n '1,520p' agents/agent-map.yaml","exit_code":0,"artifacts":[],"redactions":[]}
{"schema_version":1,"timestamp":"2026-09-01T20:31:29-04:00","cwd":"{PRODUCT_ROOT}/framework","command":"sed -n '1,460p' agents/docs/AGENT-USE.md","exit_code":0,"artifacts":[],"redactions":[]}
{"schema_version":1,"timestamp":"2026-09-01T20:31:29-04:00","cwd":"{PRODUCT_ROOT}/framework","command":"sed -n '1,820p' agents/actions/plan.md","exit_code":0,"artifacts":[],"redactions":[]}
{"schema_version":1,"timestamp":"2026-09-01T20:31:38-04:00","cwd":"{PRODUCT_ROOT}/framework","command":"sed -n '1,220p' agents/actions/plan.md","exit_code":0,"artifacts":[],"redactions":[]}
{"schema_version":1,"timestamp":"2026-09-01T20:31:38-04:00","cwd":"{PRODUCT_ROOT}/framework","command":"sed -n '221,440p' agents/actions/plan.md","exit_code":0,"artifacts":[],"redactions":[]}
{"schema_version":1,"timestamp":"2026-09-01T20:31:38-04:00","cwd":"{PRODUCT_ROOT}/framework","command":"sed -n '441,660p' agents/actions/plan.md","exit_code":0,"artifacts":[],"redactions":[]}
{"schema_version":1,"timestamp":"2026-09-01T20:31:39-04:00","cwd":"{PRODUCT_ROOT}/framework","command":"sed -n '661,820p' agents/actions/plan.md","exit_code":0,"artifacts":[],"redactions":[]}
{"schema_version":1,"timestamp":"2026-09-01T20:31:47-04:00","cwd":"{PRODUCT_ROOT}/framework","command":"wc -l agents/actions/spec/plan.yaml agents/templates/prompts/evidence-contract/plan-operator-friendly.md","exit_code":0,"artifacts":[],"redactions":[]}
{"schema_version":1,"timestamp":"2026-09-01T20:31:47-04:00","cwd":"{PRODUCT_ROOT}/framework","command":"sed -n '1,260p' agents/actions/spec/plan.yaml","exit_code":0,"artifacts":[],"redactions":[]}
{"schema_version":1,"timestamp":"2026-09-01T20:31:47-04:00","cwd":"{PRODUCT_ROOT}/framework","command":"sed -n '1,320p' agents/templates/prompts/evidence-contract/plan-operator-friendly.md","exit_code":0,"artifacts":[],"redactions":[]}
{"schema_version":1,"timestamp":"2026-09-01T20:32:02-04:00","cwd":"{PRODUCT_ROOT}/product","command":"jq '{action,run_id,feature_id,status,contract_version,gate_results,files,feature_state}' planning-mds/operations/evidence/runs/2026-08-30-af27c9c1/evidence-manifest.json","exit_code":0,"artifacts":[],"redactions":[]}
{"schema_version":1,"timestamp":"2026-09-01T20:32:02-04:00","cwd":"{PRODUCT_ROOT}/product","command":"sed -n '1,260p' planning-mds/operations/evidence/runs/2026-08-30-af27c9c1/gate-decisions.md","exit_code":0,"artifacts":[],"redactions":[]}
{"schema_version":1,"timestamp":"2026-09-01T20:32:02-04:00","cwd":"{PRODUCT_ROOT}/product","command":"sed -n '1,220p' planning-mds/operations/evidence/runs/2026-08-30-af27c9c1/README.md","exit_code":0,"artifacts":[],"redactions":[]}
{"schema_version":1,"timestamp":"2026-09-01T20:32:02-04:00","cwd":"{PRODUCT_ROOT}/product","command":"sed -n '1,220p' planning-mds/operations/evidence/runs/2026-08-30-af27c9c1/artifact-trace.md","exit_code":0,"artifacts":[],"redactions":[]}
{"schema_version":1,"timestamp":"2026-09-01T20:32:02-04:00","cwd":"{PRODUCT_ROOT}/product","command":"tail -n 80 planning-mds/operations/evidence/runs/2026-08-30-af27c9c1/lifecycle-gates.log","exit_code":0,"artifacts":[],"redactions":[]}
{"schema_version":1,"timestamp":"2026-09-01T20:32:03-04:00","cwd":"{PRODUCT_ROOT}/product","command":"git status --short","exit_code":0,"artifacts":[],"redactions":[]}
{"schema_version":1,"timestamp":"2026-09-01T20:32:15-04:00","cwd":"{PRODUCT_ROOT}/product","command":"python3 -c \"import json,pathlib; root=pathlib.Path('planning-mds/operations/evidence/runs');\nfor p in sorted(root.glob('*/evidence-manifest.json')):\n d=json.loads(p.read_text()); ac=p.parent/'action-context.md'; txt=ac.read_text(errors='ignore')[:600] if ac.exists() else ''; action=next((line.split(':',1)[1].strip() for line in txt.splitlines() if line.lower().startswith('- action:')),None); print(p.parent.name, d.get('feature_id'), d.get('status'), action)\"","exit_code":0,"artifacts":[],"redactions":[]}
{"schema_version":1,"timestamp":"2026-09-01T20:32:27-04:00","cwd":"{PRODUCT_ROOT}/framework","command":"rg -n \"base-run-only|status.*draft|status.*approved|superseded|plan.*manifest|finalize\" agents/scripts agents/actions/spec agents/templates -g '*.py' -g '*.yaml' -g '*.md'","exit_code":0,"artifacts":[],"redactions":[]}
{"schema_version":1,"timestamp":"2026-09-01T20:32:27-04:00","cwd":"{PRODUCT_ROOT}/framework","command":"rg -n 'status:|approved-with-repair|in-progress|superseded' agents/actions/spec/_contract.yaml agents/templates/evidence -g '*.json' -g '*.md' -g '*.yaml'","exit_code":2,"artifacts":[],"redactions":[]}
{"schema_version":1,"timestamp":"2026-09-01T20:32:40-04:00","cwd":"{PRODUCT_ROOT}/product","command":"jq '{keys:(keys),run_scope,action_type,status,feature_state}' planning-mds/operations/evidence/runs/2026-08-30-af27c9c1/evidence-manifest.json","exit_code":0,"artifacts":[],"redactions":[]}
{"schema_version":1,"timestamp":"2026-09-01T20:32:53-04:00","cwd":"{PRODUCT_ROOT}/product","command":"date --iso-8601=seconds","exit_code":0,"artifacts":[],"redactions":[]}
{"schema_version":1,"timestamp":"2026-09-01T20:33:20-04:00","cwd":"{PRODUCT_ROOT}/product","command":"python3 -c \"import json,pathlib,sys; root=pathlib.Path('planning-mds/operations/evidence/runs'); p=root/'2026-08-30-af27c9c1'/'evidence-manifest.json'; d=json.loads(p.read_text()); print(d['run_id'],d['feature_id'],d['run_scope'],d['status']); active=[]\nfor m in root.glob('*/evidence-manifest.json'):\n x=json.loads(m.read_text());\n if x.get('feature_id')=='F0040' and x.get('status') in {'draft','in-progress'}: active.append(str(m))\nprint('active_f0040_runs',len(active)); print(*active,sep='\\\\n'); sys.exit(0 if not active else 1)\"","exit_code":0,"artifacts":[],"redactions":[]}
