2026-08-31T22:38:03-04:00 G1 PASS — operator-approved clarification: broker_activity selected.
2026-08-31T22:38:03-04:00 G2 PASS — validate-stories exit 0; story index generated (231); validate-trackers --skip-feature-evidence exit 0 (errors=0 warnings=0).
2026-08-31T22:38:03-04:00 G3 PENDING — explicit Phase A approval and checkpoint attestation required.
2026-08-31T22:40:27-04:00 G3 APPROVAL RECEIVED — operator token: approve Phase A; checkpoint attestation pending.
2026-08-31T22:41:03-04:00 G3 PASS — approve-phase-a attestation recorded by gate runtime.
2026-08-31T23:02:37-04:00 G4 PASS — kg-compile and kg-check-drift completed successfully.
2026-08-31T23:03:53-04:00 G5 AUTOMATIC PASS — stories/index/trackers, KG coverage/drift/reproducibility, and templates passed; approve-phase-b checkpoint pending.
2026-08-31T23:05:25-04:00 G5 APPROVAL RECEIVED — operator token: approve phase B; checkpoint attestation pending.
2026-08-31T23:07:17-04:00 G5 PASS — approve-phase-b attestation recorded; all automatic operations and the manual checkpoint completed.

### G4
Command: python3 /home/gajap/uSandbox/repos/nebula/nebula-insurance-crm/scripts/kg/compile.py
Stage: G4
Exit Code: 0
Result: PASS
Output References: -
Skipped Gates: -

### G4
Command: python3 /home/gajap/uSandbox/repos/nebula/nebula-insurance-crm/scripts/kg/validate.py --check-drift
Stage: G4
Exit Code: 0
Result: PASS
Output References: -
Skipped Gates: -

### G5
Command: python3 agents/product-manager/scripts/validate-stories.py /home/gajap/uSandbox/repos/nebula/nebula-insurance-crm/planning-mds/features/F0040-neuron-second-specialist-head
Stage: G5
Exit Code: 0
Result: PASS
Output References: -
Skipped Gates: -

### G5
Command: python3 agents/product-manager/scripts/generate-story-index.py /home/gajap/uSandbox/repos/nebula/nebula-insurance-crm/planning-mds/features/
Stage: G5
Exit Code: 0
Result: PASS
Output References: -
Skipped Gates: -

### G5
Command: python3 agents/product-manager/scripts/validate-trackers.py --product-root /home/gajap/uSandbox/repos/nebula/nebula-insurance-crm --skip-feature-evidence
Stage: G5
Exit Code: 0
Result: PASS
Output References: -
Skipped Gates: -

### G5
Command: python3 /home/gajap/uSandbox/repos/nebula/nebula-insurance-crm/scripts/kg/validate.py --write-coverage-report
Stage: G5
Exit Code: 0
Result: PASS
Output References: -
Skipped Gates: -

### G5
Command: python3 /home/gajap/uSandbox/repos/nebula/nebula-insurance-crm/scripts/kg/validate.py --check-drift
Stage: G5
Exit Code: 0
Result: PASS
Output References: -
Skipped Gates: -

### G5
Command: python3 /home/gajap/uSandbox/repos/nebula/nebula-insurance-crm/scripts/kg/validate.py --check-reproducible
Stage: G5
Exit Code: 0
Result: PASS
Output References: -
Skipped Gates: -

### G5
Command: python3 agents/scripts/validate_templates.py
Stage: G5
Exit Code: 0
Result: PASS
Output References: -
Skipped Gates: -
