{"schema_version":1,"timestamp":"2026-09-01T20:33:54-04:00","cwd":"{PRODUCT_ROOT}/framework","command":"python3 -c 'import secrets; print(secrets.token_hex(4))'","exit_code":0,"artifacts":[],"redactions":[]}
{"schema_version":1,"timestamp":"2026-09-01T20:33:54-04:00","cwd":"{PRODUCT_ROOT}/framework","command":"python3 agents/scripts/init-run.py --action feature --feature F0040 --product-root /home/gajap/uSandbox/repos/nebula/nebula-insurance-crm --mode clean --run-id 2026-09-01-fd408477 --json","exit_code":0,"artifacts":[],"redactions":[]}
{"schema_version":1,"timestamp":"2026-09-01T20:34:06-04:00","cwd":"{PRODUCT_ROOT}/product","command":"sed -n '1,220p' .agentignore","exit_code":0,"artifacts":[],"redactions":[]}
{"schema_version":1,"timestamp":"2026-09-01T20:34:06-04:00","cwd":"{PRODUCT_ROOT}/framework","command":"wc -l agents/actions/feature.md","exit_code":0,"artifacts":[],"redactions":[]}
{"schema_version":1,"timestamp":"2026-09-01T20:34:06-04:00","cwd":"{PRODUCT_ROOT}/framework","command":"sed -n '1,240p' agents/actions/feature.md","exit_code":0,"artifacts":[],"redactions":[]}
{"schema_version":1,"timestamp":"2026-09-01T20:34:06-04:00","cwd":"{PRODUCT_ROOT}/framework","command":"sed -n '241,480p' agents/actions/feature.md","exit_code":0,"artifacts":[],"redactions":[]}
{"schema_version":1,"timestamp":"2026-09-01T20:34:06-04:00","cwd":"{PRODUCT_ROOT}/framework","command":"sed -n '481,720p' agents/actions/feature.md","exit_code":0,"artifacts":[],"redactions":[]}
{"schema_version":1,"timestamp":"2026-09-01T20:34:07-04:00","cwd":"{PRODUCT_ROOT}/framework","command":"sed -n '721,900p' agents/actions/feature.md","exit_code":0,"artifacts":[],"redactions":[]}
{"schema_version":1,"timestamp":"2026-09-01T20:34:17-04:00","cwd":"{PRODUCT_ROOT}/product","command":"python3 scripts/kg/lookup.py F0040 --tier 1 --run-id 2026-09-01-fd408477","exit_code":0,"artifacts":[],"redactions":[]}
{"schema_version":1,"timestamp":"2026-09-01T20:34:17-04:00","cwd":"{PRODUCT_ROOT}/product","command":"rg --files --ignore-file .agentignore planning-mds/features/F0040-neuron-second-specialist-head | sort","exit_code":0,"artifacts":[],"redactions":[]}
{"schema_version":1,"timestamp":"2026-09-01T20:34:29-04:00","cwd":"{PRODUCT_ROOT}/framework","command":"wc -l agents/architect/SKILL.md agents/architect/references/architecture-best-practices.md","exit_code":0,"artifacts":[],"redactions":[]}
{"schema_version":1,"timestamp":"2026-09-01T20:34:29-04:00","cwd":"{PRODUCT_ROOT}/framework","command":"sed -n '1,260p' agents/architect/SKILL.md","exit_code":0,"artifacts":[],"redactions":[]}
{"schema_version":1,"timestamp":"2026-09-01T20:34:29-04:00","cwd":"{PRODUCT_ROOT}/framework","command":"sed -n '261,560p' agents/architect/SKILL.md","exit_code":0,"artifacts":[],"redactions":[]}
{"schema_version":1,"timestamp":"2026-09-01T20:34:38-04:00","cwd":"{PRODUCT_ROOT}/framework","command":"sed -n '1,250p' agents/architect/references/architecture-best-practices.md","exit_code":0,"artifacts":[],"redactions":[]}
{"schema_version":1,"timestamp":"2026-09-01T20:34:38-04:00","cwd":"{PRODUCT_ROOT}/framework","command":"sed -n '251,500p' agents/architect/references/architecture-best-practices.md","exit_code":0,"artifacts":[],"redactions":[]}
{"schema_version":1,"timestamp":"2026-09-01T20:34:38-04:00","cwd":"{PRODUCT_ROOT}/framework","command":"sed -n '501,750p' agents/architect/references/architecture-best-practices.md","exit_code":0,"artifacts":[],"redactions":[]}
{"schema_version":1,"timestamp":"2026-09-01T20:34:38-04:00","cwd":"{PRODUCT_ROOT}/framework","command":"sed -n '751,1040p' agents/architect/references/architecture-best-practices.md","exit_code":0,"artifacts":[],"redactions":[]}
{"schema_version":1,"timestamp":"2026-09-01T20:34:45-04:00","cwd":"{PRODUCT_ROOT}/product","command":"wc -l planning-mds/features/F0040-neuron-second-specialist-head/*.md planning-mds/architecture/SOLUTION-PATTERNS.md planning-mds/architecture/decisions/ADR-037-neuron-second-specialist-head-contract.md","exit_code":0,"artifacts":[],"redactions":[]}
{"schema_version":1,"timestamp":"2026-09-01T20:34:57-04:00","cwd":"{PRODUCT_ROOT}/product","command":"sed -n '1,260p' planning-mds/features/F0040-neuron-second-specialist-head/PRD.md","exit_code":0,"artifacts":[],"redactions":[]}
{"schema_version":1,"timestamp":"2026-09-01T20:34:58-04:00","cwd":"{PRODUCT_ROOT}/product","command":"sed -n '1,180p' planning-mds/features/F0040-neuron-second-specialist-head/F0040-S0001-live-broker-activity-zone.md","exit_code":0,"artifacts":[],"redactions":[]}
{"schema_version":1,"timestamp":"2026-09-01T20:34:58-04:00","cwd":"{PRODUCT_ROOT}/product","command":"sed -n '1,180p' planning-mds/features/F0040-neuron-second-specialist-head/F0040-S0002-conversational-broker-activity-routing.md","exit_code":0,"artifacts":[],"redactions":[]}
{"schema_version":1,"timestamp":"2026-09-01T20:34:58-04:00","cwd":"{PRODUCT_ROOT}/product","command":"sed -n '1,190p' planning-mds/features/F0040-neuron-second-specialist-head/F0040-S0003-two-live-head-platform-hardening.md","exit_code":0,"artifacts":[],"redactions":[]}
{"schema_version":1,"timestamp":"2026-09-01T20:34:58-04:00","cwd":"{PRODUCT_ROOT}/product","command":"sed -n '1,120p' planning-mds/features/F0040-neuron-second-specialist-head/README.md","exit_code":0,"artifacts":[],"redactions":[]}
{"schema_version":1,"timestamp":"2026-09-01T20:34:58-04:00","cwd":"{PRODUCT_ROOT}/product","command":"sed -n '1,140p' planning-mds/features/F0040-neuron-second-specialist-head/STATUS.md","exit_code":0,"artifacts":[],"redactions":[]}
{"schema_version":1,"timestamp":"2026-09-01T20:34:58-04:00","cwd":"{PRODUCT_ROOT}/product","command":"sed -n '1,120p' planning-mds/features/F0040-neuron-second-specialist-head/GETTING-STARTED.md","exit_code":0,"artifacts":[],"redactions":[]}
{"schema_version":1,"timestamp":"2026-09-01T20:34:59-04:00","cwd":"{PRODUCT_ROOT}/product","command":"sed -n '1,100p' planning-mds/features/F0040-neuron-second-specialist-head/acceptance-criteria-checklist.md","exit_code":0,"artifacts":[],"redactions":[]}
{"schema_version":1,"timestamp":"2026-09-01T20:35:12-04:00","cwd":"{PRODUCT_ROOT}/product","command":"sed -n '1,170p' planning-mds/features/F0040-neuron-second-specialist-head/F0040-S0001-live-broker-activity-zone.md","exit_code":0,"artifacts":[],"redactions":[]}
{"schema_version":1,"timestamp":"2026-09-01T20:35:12-04:00","cwd":"{PRODUCT_ROOT}/product","command":"sed -n '1,180p' planning-mds/features/F0040-neuron-second-specialist-head/F0040-S0002-conversational-broker-activity-routing.md","exit_code":0,"artifacts":[],"redactions":[]}
{"schema_version":1,"timestamp":"2026-09-01T20:35:12-04:00","cwd":"{PRODUCT_ROOT}/product","command":"sed -n '1,190p' planning-mds/features/F0040-neuron-second-specialist-head/F0040-S0003-two-live-head-platform-hardening.md","exit_code":0,"artifacts":[],"redactions":[]}
{"schema_version":1,"timestamp":"2026-09-01T20:35:12-04:00","cwd":"{PRODUCT_ROOT}/product","command":"sed -n '1,210p' planning-mds/features/F0040-neuron-second-specialist-head/feature-assembly-plan.md","exit_code":0,"artifacts":[],"redactions":[]}
{"schema_version":1,"timestamp":"2026-09-01T20:35:12-04:00","cwd":"{PRODUCT_ROOT}/product","command":"sed -n '211,430p' planning-mds/features/F0040-neuron-second-specialist-head/feature-assembly-plan.md","exit_code":0,"artifacts":[],"redactions":[]}
{"schema_version":1,"timestamp":"2026-09-01T20:35:13-04:00","cwd":"{PRODUCT_ROOT}/product","command":"sed -n '1,250p' planning-mds/architecture/decisions/ADR-037-neuron-second-specialist-head-contract.md","exit_code":0,"artifacts":[],"redactions":[]}
{"schema_version":1,"timestamp":"2026-09-01T20:35:19-04:00","cwd":"{PRODUCT_ROOT}/product","command":"sed -n '1,200p' planning-mds/features/F0040-neuron-second-specialist-head/feature-assembly-plan.md","exit_code":0,"artifacts":[],"redactions":[]}
{"schema_version":1,"timestamp":"2026-09-01T20:35:19-04:00","cwd":"{PRODUCT_ROOT}/product","command":"sed -n '201,430p' planning-mds/features/F0040-neuron-second-specialist-head/feature-assembly-plan.md","exit_code":0,"artifacts":[],"redactions":[]}
{"schema_version":1,"timestamp":"2026-09-01T20:35:27-04:00","cwd":"{PRODUCT_ROOT}/product","command":"sed -n '1,260p' planning-mds/architecture/SOLUTION-PATTERNS.md","exit_code":0,"artifacts":[],"redactions":[]}
{"schema_version":1,"timestamp":"2026-09-01T20:35:27-04:00","cwd":"{PRODUCT_ROOT}/product","command":"sed -n '261,520p' planning-mds/architecture/SOLUTION-PATTERNS.md","exit_code":0,"artifacts":[],"redactions":[]}
{"schema_version":1,"timestamp":"2026-09-01T20:35:27-04:00","cwd":"{PRODUCT_ROOT}/product","command":"sed -n '521,780p' planning-mds/architecture/SOLUTION-PATTERNS.md","exit_code":0,"artifacts":[],"redactions":[]}
{"schema_version":1,"timestamp":"2026-09-01T20:35:27-04:00","cwd":"{PRODUCT_ROOT}/product","command":"sed -n '781,1080p' planning-mds/architecture/SOLUTION-PATTERNS.md","exit_code":0,"artifacts":[],"redactions":[]}
{"schema_version":1,"timestamp":"2026-09-01T20:35:40-04:00","cwd":"{PRODUCT_ROOT}/product","command":"jq '{run_scope,status,frontend_in_scope,runtime_bearing,deployment_config_changed,security_sensitive_scope,required_roles,gate_results,role_results,files,omissions,changed_paths}' planning-mds/operations/evidence/runs/2026-09-01-fd408477/evidence-manifest.json","exit_code":0,"artifacts":[],"redactions":[]}
{"schema_version":1,"timestamp":"2026-09-01T20:35:40-04:00","cwd":"{PRODUCT_ROOT}/framework","command":"rg --files agents/templates | rg 'g0|assembly-plan|review|preflight|self-review|test-plan|coverage|deployability|signoff|closeout|execution|kg-recon'","exit_code":0,"artifacts":[],"redactions":[]}
{"schema_version":1,"timestamp":"2026-09-01T20:35:40-04:00","cwd":"{PRODUCT_ROOT}/framework","command":"python3 agents/scripts/run-gate.py --action feature --run-id 2026-09-01-fd408477 --product-root /home/gajap/uSandbox/repos/nebula/nebula-insurance-crm --list","exit_code":0,"artifacts":[],"redactions":[]}
{"schema_version":1,"timestamp":"2026-09-01T20:35:48-04:00","cwd":"{PRODUCT_ROOT}/product","command":"find planning-mds/operations/evidence/runs -name g0-assembly-plan-validation.md -print | sort | tail -n 5","exit_code":0,"artifacts":[],"redactions":[]}
{"schema_version":1,"timestamp":"2026-09-01T20:35:54-04:00","cwd":"{PRODUCT_ROOT}/product","command":"sed -n '1,240p' planning-mds/operations/evidence/runs/2026-07-25-273d5672/g0-assembly-plan-validation.md","exit_code":0,"artifacts":[],"redactions":[]}
{"schema_version":1,"timestamp":"2026-09-01T20:36:08-04:00","cwd":"{PRODUCT_ROOT}/product","command":"python3 scripts/kg/hint.py engine/src/Nebula.Api/Endpoints/TimelineEndpoints.cs --run-id 2026-09-01-fd408477","exit_code":0,"artifacts":[],"redactions":[]}
{"schema_version":1,"timestamp":"2026-09-01T20:36:11-04:00","cwd":"{PRODUCT_ROOT}/product","command":"python3 scripts/kg/hint.py neuron/app/orchestration --run-id 2026-09-01-fd408477","exit_code":0,"artifacts":[],"redactions":[]}
{"schema_version":1,"timestamp":"2026-09-01T20:36:14-04:00","cwd":"{PRODUCT_ROOT}/product","command":"python3 scripts/kg/hint.py experience/src/features/neuron --run-id 2026-09-01-fd408477","exit_code":0,"artifacts":[],"redactions":[]}
{"schema_version":1,"timestamp":"2026-09-01T20:36:22-04:00","cwd":"{PRODUCT_ROOT}/product","command":"rg --files --ignore-file .agentignore engine/src engine/tests | rg 'Timeline|DistributionScope|BrokerActivity' | sort","exit_code":0,"artifacts":[],"redactions":[]}
{"schema_version":1,"timestamp":"2026-09-01T20:36:23-04:00","cwd":"{PRODUCT_ROOT}/product","command":"rg --files --ignore-file .agentignore neuron/app neuron/tests neuron/crm_agents neuron/orchestration neuron/config neuron/evals | rg 'bootstrap|orchestration|zone_heads|glance|messages|envelope|engine_tools|telemetry|intent|schema_drift|broker_activity|day-at-a-glance' | sort","exit_code":0,"artifacts":[],"redactions":[]}
{"schema_version":1,"timestamp":"2026-09-01T20:36:23-04:00","cwd":"{PRODUCT_ROOT}/product","command":"rg --files --ignore-file .agentignore experience/src/features/neuron experience/src/features/timeline | sort","exit_code":0,"artifacts":[],"redactions":[]}
{"schema_version":1,"timestamp":"2026-09-01T20:36:33-04:00","cwd":"{PRODUCT_ROOT}/product","command":"sed -n '1,240p' engine/src/Nebula.Api/Endpoints/TimelineEndpoints.cs","exit_code":0,"artifacts":[],"redactions":[]}
{"schema_version":1,"timestamp":"2026-09-01T20:36:33-04:00","cwd":"{PRODUCT_ROOT}/product","command":"sed -n '1,260p' engine/src/Nebula.Application/Services/TimelineService.cs","exit_code":0,"artifacts":[],"redactions":[]}
{"schema_version":1,"timestamp":"2026-09-01T20:36:33-04:00","cwd":"{PRODUCT_ROOT}/product","command":"sed -n '1,240p' engine/src/Nebula.Infrastructure/Repositories/TimelineRepository.cs","exit_code":0,"artifacts":[],"redactions":[]}
{"schema_version":1,"timestamp":"2026-09-01T20:36:33-04:00","cwd":"{PRODUCT_ROOT}/product","command":"sed -n '1,280p' neuron/app/bootstrap.py","exit_code":0,"artifacts":[],"redactions":[]}
{"schema_version":1,"timestamp":"2026-09-01T20:36:33-04:00","cwd":"{PRODUCT_ROOT}/product","command":"sed -n '1,300p' neuron/app/orchestration/zone_heads.py","exit_code":0,"artifacts":[],"redactions":[]}
{"schema_version":1,"timestamp":"2026-09-01T20:36:33-04:00","cwd":"{PRODUCT_ROOT}/product","command":"sed -n '1,260p' neuron/app/orchestration/glance.py","exit_code":0,"artifacts":[],"redactions":[]}
{"schema_version":1,"timestamp":"2026-09-01T20:36:34-04:00","cwd":"{PRODUCT_ROOT}/product","command":"sed -n '1,220p' experience/src/features/neuron/registry/componentRegistry.tsx","exit_code":0,"artifacts":[],"redactions":[]}
{"schema_version":1,"timestamp":"2026-09-01T20:36:34-04:00","cwd":"{PRODUCT_ROOT}/product","command":"sed -n '1,240p' experience/src/features/neuron/components/ZoneSlot.tsx","exit_code":0,"artifacts":[],"redactions":[]}
{"schema_version":1,"timestamp":"2026-09-01T20:36:47-04:00","cwd":"{PRODUCT_ROOT}/product","command":"jq '{frontend_in_scope,runtime_bearing,deployment_config_changed,security_sensitive_scope,required_roles,files,omissions}' planning-mds/operations/evidence/runs/2026-07-25-273d5672/evidence-manifest.json","exit_code":0,"artifacts":[],"redactions":[]}
{"schema_version":1,"timestamp":"2026-09-01T20:37:23-04:00","cwd":"{PRODUCT_ROOT}/product","command":"rg -n 'frontend_in_scope|runtime_bearing|required_roles|deployment_config_changed|security_sensitive_scope' planning-mds/operations/evidence/runs/2026-09-01-fd408477/evidence-manifest.json","exit_code":0,"artifacts":[],"redactions":[]}
{"schema_version":1,"timestamp":"2026-09-01T20:38:01-04:00","cwd":"nebula-agents","command":"python3 agents/product-manager/scripts/validate-feature-evidence.py --product-root /home/gajap/uSandbox/repos/nebula/nebula-insurance-crm --feature None --run-id 2026-09-01-fd408477 --stage G0","exit_code":2,"artifacts":[],"redactions":[]}
{"schema_version":1,"timestamp":"2026-09-01T20:38:01-04:00","cwd":"{PRODUCT_ROOT}/framework","command":"python3 agents/scripts/run-gate.py --action feature --stage G0 --run-id 2026-09-01-fd408477 --product-root /home/gajap/uSandbox/repos/nebula/nebula-insurance-crm","exit_code":1,"artifacts":[],"redactions":[]}
{"schema_version":1,"timestamp":"2026-09-01T20:38:10-04:00","cwd":"{PRODUCT_ROOT}/product","command":"tail -n 120 planning-mds/operations/evidence/runs/2026-09-01-fd408477/lifecycle-gates.log","exit_code":0,"artifacts":[],"redactions":[]}
{"schema_version":1,"timestamp":"2026-09-01T20:38:20-04:00","cwd":"nebula-agents","command":"python3 agents/product-manager/scripts/validate-feature-evidence.py --product-root /home/gajap/uSandbox/repos/nebula/nebula-insurance-crm --feature F0040 --run-id 2026-09-01-fd408477 --stage G0","exit_code":1,"artifacts":[],"redactions":[]}
{"schema_version":1,"timestamp":"2026-09-01T20:38:20-04:00","cwd":"{PRODUCT_ROOT}/framework","command":"python3 agents/scripts/run-gate.py --action feature --stage G0 --feature F0040 --run-id 2026-09-01-fd408477 --product-root /home/gajap/uSandbox/repos/nebula/nebula-insurance-crm","exit_code":1,"artifacts":[],"redactions":[]}
{"schema_version":1,"timestamp":"2026-09-01T20:38:27-04:00","cwd":"{PRODUCT_ROOT}/framework","command":"python3 agents/product-manager/scripts/validate-feature-evidence.py --product-root /home/gajap/uSandbox/repos/nebula/nebula-insurance-crm --feature F0040 --run-id 2026-09-01-fd408477 --stage G0","exit_code":1,"artifacts":[],"redactions":[]}
{"schema_version":1,"timestamp":"2026-09-01T20:38:34-04:00","cwd":"{PRODUCT_ROOT}/product","command":"jq '{role_results:{Architect:.role_results.Architect},scm}' planning-mds/operations/evidence/runs/2026-07-25-273d5672/evidence-manifest.json","exit_code":0,"artifacts":[],"redactions":[]}
{"schema_version":1,"timestamp":"2026-09-01T20:38:40-04:00","cwd":"{PRODUCT_ROOT}/product","command":"jq '{role_results,scm}' planning-mds/operations/evidence/runs/2026-09-01-fd408477/evidence-manifest.json","exit_code":0,"artifacts":[],"redactions":[]}
{"schema_version":1,"timestamp":"2026-09-01T20:38:47-04:00","cwd":"{PRODUCT_ROOT}/product","command":"git branch --show-current","exit_code":0,"artifacts":[],"redactions":[]}
{"schema_version":1,"timestamp":"2026-09-01T20:39:01-04:00","cwd":"{PRODUCT_ROOT}/product","command":"sed -n '24,90p' planning-mds/operations/evidence/runs/2026-09-01-fd408477/evidence-manifest.json","exit_code":0,"artifacts":[],"redactions":[]}
{"schema_version":1,"timestamp":"2026-09-01T20:39:07-04:00","cwd":"{PRODUCT_ROOT}/product","command":"sed -n '1,28p' planning-mds/operations/evidence/runs/2026-09-01-fd408477/evidence-manifest.json","exit_code":0,"artifacts":[],"redactions":[]}
{"schema_version":1,"timestamp":"2026-09-01T20:39:21-04:00","cwd":"nebula-agents","command":"python3 agents/product-manager/scripts/validate-feature-evidence.py --product-root /home/gajap/uSandbox/repos/nebula/nebula-insurance-crm --feature F0040 --run-id 2026-09-01-fd408477 --stage G0","exit_code":0,"artifacts":[],"redactions":[]}
{"schema_version":1,"timestamp":"2026-09-01T20:39:21-04:00","cwd":"{PRODUCT_ROOT}/framework","command":"python3 agents/scripts/run-gate.py --action feature --stage G0 --feature F0040 --run-id 2026-09-01-fd408477 --product-root /home/gajap/uSandbox/repos/nebula/nebula-insurance-crm","exit_code":0,"artifacts":[],"redactions":[]}
{"schema_version":1,"timestamp":"2026-09-01T20:39:30-04:00","cwd":"{PRODUCT_ROOT}/product","command":"sed -n '1,120p' planning-mds/operations/evidence/runs/2026-09-01-fd408477/gate-decisions.md","exit_code":0,"artifacts":[],"redactions":[]}
{"schema_version":1,"timestamp":"2026-09-01T20:39:37-04:00","cwd":"{PRODUCT_ROOT}/product","command":"date --iso-8601=seconds","exit_code":0,"artifacts":[],"redactions":[]}
{"schema_version":1,"timestamp":"2026-09-01T20:39:57-04:00","cwd":"{PRODUCT_ROOT}/framework","command":"wc -l agents/devops/SKILL.md agents/devops/references/containerization-guide.md","exit_code":0,"artifacts":[],"redactions":[]}
{"schema_version":1,"timestamp":"2026-09-01T20:39:57-04:00","cwd":"{PRODUCT_ROOT}/framework","command":"sed -n '1,260p' agents/devops/SKILL.md","exit_code":0,"artifacts":[],"redactions":[]}
{"schema_version":1,"timestamp":"2026-09-01T20:39:57-04:00","cwd":"{PRODUCT_ROOT}/framework","command":"sed -n '261,560p' agents/devops/SKILL.md","exit_code":0,"artifacts":[],"redactions":[]}
{"schema_version":1,"timestamp":"2026-09-01T20:40:05-04:00","cwd":"{PRODUCT_ROOT}/framework","command":"sed -n '1,280p' agents/devops/references/containerization-guide.md","exit_code":0,"artifacts":[],"redactions":[]}
{"schema_version":1,"timestamp":"2026-09-01T20:40:05-04:00","cwd":"{PRODUCT_ROOT}/framework","command":"sed -n '281,560p' agents/devops/references/containerization-guide.md","exit_code":0,"artifacts":[],"redactions":[]}
{"schema_version":1,"timestamp":"2026-09-01T20:40:05-04:00","cwd":"{PRODUCT_ROOT}/framework","command":"sed -n '561,840p' agents/devops/references/containerization-guide.md","exit_code":0,"artifacts":[],"redactions":[]}
{"schema_version":1,"timestamp":"2026-09-01T20:40:06-04:00","cwd":"{PRODUCT_ROOT}/framework","command":"sed -n '841,1120p' agents/devops/references/containerization-guide.md","exit_code":0,"artifacts":[],"redactions":[]}
{"schema_version":1,"timestamp":"2026-09-01T20:40:15-04:00","cwd":"{PRODUCT_ROOT}/framework","command":"sed -n '1,240p' agents/templates/runtime-preflight-template.md","exit_code":0,"artifacts":[],"redactions":[]}
{"schema_version":1,"timestamp":"2026-09-01T20:40:18-04:00","cwd":"{PRODUCT_ROOT}/product","command":"python3 scripts/kg/hint.py docker-compose.yml --run-id 2026-09-01-fd408477","exit_code":0,"artifacts":[],"redactions":[]}
{"schema_version":1,"timestamp":"2026-09-01T20:40:18-04:00","cwd":"{PRODUCT_ROOT}/product","command":"docker compose config --services","exit_code":1,"artifacts":[],"redactions":[]}
{"schema_version":1,"timestamp":"2026-09-01T20:40:18-04:00","cwd":"{PRODUCT_ROOT}/product","command":"docker compose ps --format json","exit_code":1,"artifacts":[],"redactions":[]}
{"schema_version":1,"timestamp":"2026-09-01T20:40:30-04:00","cwd":"{PRODUCT_ROOT}/product","command":"command -v docker","exit_code":0,"artifacts":[],"redactions":[]}
{"schema_version":1,"timestamp":"2026-09-01T20:40:30-04:00","cwd":"{PRODUCT_ROOT}/product","command":"command -v podman","exit_code":1,"artifacts":[],"redactions":[]}
{"schema_version":1,"timestamp":"2026-09-01T20:40:30-04:00","cwd":"{PRODUCT_ROOT}/product","command":"command -v nerdctl","exit_code":1,"artifacts":[],"redactions":[]}
{"schema_version":1,"timestamp":"2026-09-01T20:40:30-04:00","cwd":"{PRODUCT_ROOT}/product","command":"command -v containerd","exit_code":1,"artifacts":[],"redactions":[]}
{"schema_version":1,"timestamp":"2026-09-01T20:40:30-04:00","cwd":"{PRODUCT_ROOT}/product","command":"find /mnt/wsl /mnt/c/Program\\ Files/Docker -maxdepth 6 -type f \\( -name docker -o -name docker.exe \\) -print","exit_code":0,"artifacts":[],"redactions":[]}
{"schema_version":1,"timestamp":"2026-09-01T20:40:38-04:00","cwd":"{PRODUCT_ROOT}/product","command":"'/mnt/c/Program Files/Docker/Docker/resources/bin/docker.exe' version","exit_code":1,"artifacts":[],"redactions":[]}
{"schema_version":1,"timestamp":"2026-09-01T20:40:38-04:00","cwd":"{PRODUCT_ROOT}/product","command":"'/mnt/c/Program Files/Docker/Docker/resources/bin/docker.exe' compose version","exit_code":1,"artifacts":[],"redactions":[]}
{"schema_version":1,"timestamp":"2026-09-01T20:40:39-04:00","cwd":"{PRODUCT_ROOT}/product","command":"'/mnt/c/Program Files/Docker/Docker/resources/bin/docker.exe' context ls","exit_code":1,"artifacts":[],"redactions":[]}
{"schema_version":1,"timestamp":"2026-09-01T20:40:51-04:00","cwd":"{PRODUCT_ROOT}/product","command":"jq '{DevOps:.role_results.DevOps,files:{runtime_preflight:.files.runtime_preflight,deployability_check:.files.deployability_check},gate_results}' planning-mds/operations/evidence/runs/2026-07-25-273d5672/evidence-manifest.json","exit_code":0,"artifacts":[],"redactions":[]}
{"schema_version":1,"timestamp":"2026-09-01T20:41:01-04:00","cwd":"{PRODUCT_ROOT}/product","command":"date --iso-8601=seconds","exit_code":0,"artifacts":[],"redactions":[]}
{"schema_version":1,"timestamp":"2026-09-01T20:41:34-04:00","cwd":"nebula-agents","command":"python3 agents/product-manager/scripts/validate-feature-evidence.py --product-root /home/gajap/uSandbox/repos/nebula/nebula-insurance-crm --feature F0040 --run-id 2026-09-01-fd408477 --stage G1","exit_code":1,"artifacts":[],"redactions":[]}
{"schema_version":1,"timestamp":"2026-09-01T20:41:34-04:00","cwd":"{PRODUCT_ROOT}/framework","command":"python3 agents/scripts/run-gate.py --action feature --stage G1 --feature F0040 --run-id 2026-09-01-fd408477 --product-root /home/gajap/uSandbox/repos/nebula/nebula-insurance-crm","exit_code":1,"artifacts":[],"redactions":[]}
{"schema_version":1,"timestamp":"2026-09-01T21:13:34-04:00","cwd":"{PRODUCT_ROOT}/framework","command":"python3 agents/scripts/resume-brief.py --run-id 2026-09-01-fd408477 --product-root /home/gajap/uSandbox/repos/nebula/nebula-insurance-crm","exit_code":0,"artifacts":[],"redactions":[]}
{"schema_version":1,"timestamp":"2026-09-01T21:13:34-04:00","cwd":"{PRODUCT_ROOT}/product","command":"docker version","exit_code":1,"artifacts":[],"redactions":[]}
{"schema_version":1,"timestamp":"2026-09-01T21:13:34-04:00","cwd":"{PRODUCT_ROOT}/product","command":"docker compose version","exit_code":0,"artifacts":[],"redactions":[]}
{"schema_version":1,"timestamp":"2026-09-01T21:13:35-04:00","cwd":"{PRODUCT_ROOT}/product","command":"docker compose config --services","exit_code":0,"artifacts":[],"redactions":[]}
{"schema_version":1,"timestamp":"2026-09-01T21:13:35-04:00","cwd":"{PRODUCT_ROOT}/product","command":"docker compose ps --format json","exit_code":0,"artifacts":[],"redactions":[]}
{"schema_version":1,"timestamp":"2026-09-01T21:13:43-04:00","cwd":"{PRODUCT_ROOT}/product","command":"id","exit_code":0,"artifacts":[],"redactions":[]}
{"schema_version":1,"timestamp":"2026-09-01T21:13:43-04:00","cwd":"{PRODUCT_ROOT}/product","command":"ls -l /var/run/docker.sock","exit_code":0,"artifacts":[],"redactions":[]}
{"schema_version":1,"timestamp":"2026-09-01T21:13:44-04:00","cwd":"{PRODUCT_ROOT}/product","command":"getent group docker","exit_code":0,"artifacts":[],"redactions":[]}
{"schema_version":1,"timestamp":"2026-09-01T21:13:44-04:00","cwd":"{PRODUCT_ROOT}/product","command":"sudo -n docker version","exit_code":1,"artifacts":[],"redactions":[]}
{"schema_version":1,"timestamp":"2026-09-01T21:13:44-04:00","cwd":"{PRODUCT_ROOT}/product","command":"sudo -n docker compose ps --format json","exit_code":1,"artifacts":[],"redactions":[]}
{"schema_version":1,"timestamp":"2026-09-01T21:13:54-04:00","cwd":"{PRODUCT_ROOT}/product","command":"stat -c '%A %a %U %G %u %g' /var/run/docker.sock","exit_code":0,"artifacts":[],"redactions":[]}
{"schema_version":1,"timestamp":"2026-09-01T21:13:55-04:00","cwd":"{PRODUCT_ROOT}/product","command":"docker context ls","exit_code":0,"artifacts":[],"redactions":[]}
{"schema_version":1,"timestamp":"2026-09-01T21:13:55-04:00","cwd":"{PRODUCT_ROOT}/product","command":"docker context inspect default","exit_code":0,"artifacts":[],"redactions":[]}
{"schema_version":1,"timestamp":"2026-09-01T21:13:55-04:00","cwd":"{PRODUCT_ROOT}/product","command":"find /run/user/1000 -maxdepth 3 -type s -name 'docker.sock' -print","exit_code":0,"artifacts":[],"redactions":[]}
{"schema_version":1,"timestamp":"2026-09-01T21:13:55-04:00","cwd":"{PRODUCT_ROOT}/product","command":"curl --unix-socket /var/run/docker.sock --max-time 5 http://localhost/_ping","exit_code":7,"artifacts":[],"redactions":[]}
{"schema_version":1,"timestamp":"2026-09-01T21:14:05-04:00","cwd":"{PRODUCT_ROOT}/product","command":"ps -ef","exit_code":0,"artifacts":[],"redactions":[]}
{"schema_version":1,"timestamp":"2026-09-01T21:14:05-04:00","cwd":"{PRODUCT_ROOT}/product","command":"command -v dockerd","exit_code":1,"artifacts":[],"redactions":[]}
{"schema_version":1,"timestamp":"2026-09-01T21:14:05-04:00","cwd":"{PRODUCT_ROOT}/product","command":"command -v dockerd-rootless.sh","exit_code":1,"artifacts":[],"redactions":[]}
{"schema_version":1,"timestamp":"2026-09-01T21:14:06-04:00","cwd":"{PRODUCT_ROOT}/product","command":"ss -xl","exit_code":0,"artifacts":[],"redactions":[]}
{"schema_version":1,"timestamp":"2026-09-01T21:14:06-04:00","cwd":"{PRODUCT_ROOT}/product","command":"docker --context desktop-linux version","exit_code":2,"artifacts":[],"redactions":[]}
{"schema_version":1,"timestamp":"2026-09-01T21:14:15-04:00","cwd":"{PRODUCT_ROOT}/product","command":"find /mnt/wsl -maxdepth 8 -type s -print","exit_code":0,"artifacts":[],"redactions":[]}
{"schema_version":1,"timestamp":"2026-09-01T21:14:15-04:00","cwd":"{PRODUCT_ROOT}/product","command":"find /mnt/wsl -maxdepth 8 -type f -name 'docker-proxy*' -print","exit_code":0,"artifacts":[],"redactions":[]}
{"schema_version":1,"timestamp":"2026-09-01T21:14:26-04:00","cwd":"{PRODUCT_ROOT}/product","command":"sleep 10","exit_code":0,"artifacts":[],"redactions":[]}
{"schema_version":1,"timestamp":"2026-09-01T21:14:34-04:00","cwd":"{PRODUCT_ROOT}/product","command":"DOCKER_HOST=unix:///mnt/wsl/docker-desktop/shared-sockets/guest-services/docker.proxy.sock docker version","exit_code":1,"artifacts":[],"redactions":[]}
{"schema_version":1,"timestamp":"2026-09-01T21:14:34-04:00","cwd":"{PRODUCT_ROOT}/product","command":"DOCKER_HOST=unix:///mnt/wsl/docker-desktop/shared-sockets/guest-services/docker.proxy.sock docker compose ps --format json","exit_code":1,"artifacts":[],"redactions":[]}
{"schema_version":1,"timestamp":"2026-09-01T21:14:34-04:00","cwd":"{PRODUCT_ROOT}/product","command":"DOCKER_HOST=unix:///mnt/wsl/docker-desktop/shared-sockets/host-services/docker.proxy.sock docker version","exit_code":1,"artifacts":[],"redactions":[]}
{"schema_version":1,"timestamp":"2026-09-01T21:14:45-04:00","cwd":"{PRODUCT_ROOT}/product","command":"date --iso-8601=seconds","exit_code":0,"artifacts":[],"redactions":[]}
{"schema_version":1,"timestamp":"2026-09-01T21:15:04-04:00","cwd":"nebula-agents","command":"python3 agents/product-manager/scripts/validate-feature-evidence.py --product-root /home/gajap/uSandbox/repos/nebula/nebula-insurance-crm --feature F0040 --run-id 2026-09-01-fd408477 --stage G1","exit_code":1,"artifacts":[],"redactions":[]}
{"schema_version":1,"timestamp":"2026-09-01T21:15:04-04:00","cwd":"{PRODUCT_ROOT}/framework","command":"python3 agents/scripts/run-gate.py --action feature --stage G1 --feature F0040 --run-id 2026-09-01-fd408477 --product-root /home/gajap/uSandbox/repos/nebula/nebula-insurance-crm","exit_code":1,"artifacts":[],"redactions":[]}
{"schema_version":1,"timestamp":"2026-09-01T21:16:15-04:00","cwd":"{PRODUCT_ROOT}/product","command":"type -a docker","exit_code":0,"artifacts":[],"redactions":[]}
{"schema_version":1,"timestamp":"2026-09-01T21:16:16-04:00","cwd":"{PRODUCT_ROOT}/product","command":"readlink -f \"$(command -v docker)\"","exit_code":0,"artifacts":[],"redactions":[]}
{"schema_version":1,"timestamp":"2026-09-01T21:16:16-04:00","cwd":"{PRODUCT_ROOT}/product","command":"docker --version","exit_code":0,"artifacts":[],"redactions":[]}
{"schema_version":1,"timestamp":"2026-09-01T21:16:16-04:00","cwd":"{PRODUCT_ROOT}/product","command":"uname -a","exit_code":0,"artifacts":[],"redactions":[]}
{"schema_version":1,"timestamp":"2026-09-01T21:16:16-04:00","cwd":"{PRODUCT_ROOT}/product","command":"sed -n '1,80p' /etc/os-release","exit_code":0,"artifacts":[],"redactions":[]}
{"schema_version":1,"timestamp":"2026-09-01T21:16:16-04:00","cwd":"{PRODUCT_ROOT}/product","command":"sh -c 'env | rg \"^(WSL|DOCKER|DISTRO)\"'","exit_code":0,"artifacts":[],"redactions":[]}
{"schema_version":1,"timestamp":"2026-09-01T21:16:16-04:00","cwd":"{PRODUCT_ROOT}/product","command":"ls -la /var/run/docker.sock /mnt/wsl/docker-desktop/shared-sockets/guest-services/docker.proxy.sock /mnt/wsl/docker-desktop/shared-sockets/host-services/docker.proxy.sock","exit_code":0,"artifacts":[],"redactions":[]}
{"schema_version":1,"timestamp":"2026-09-01T21:16:17-04:00","cwd":"{PRODUCT_ROOT}/product","command":"stat -c '%n %F %A %a %U:%G %u:%g' /var/run/docker.sock /mnt/wsl/docker-desktop/shared-sockets/guest-services/docker.proxy.sock /mnt/wsl/docker-desktop/shared-sockets/host-services/docker.proxy.sock","exit_code":0,"artifacts":[],"redactions":[]}
{"schema_version":1,"timestamp":"2026-09-01T21:16:17-04:00","cwd":"{PRODUCT_ROOT}/product","command":"sed -n '/^NoNewPrivs:/p;/^Seccomp:/p;/^Seccomp_filters:/p;/^CapEff:/p' /proc/self/status","exit_code":0,"artifacts":[],"redactions":[]}
{"schema_version":1,"timestamp":"2026-09-01T21:16:17-04:00","cwd":"{PRODUCT_ROOT}/product","command":"cat /proc/self/attr/current","exit_code":0,"artifacts":[],"redactions":[]}
{"schema_version":1,"timestamp":"2026-09-01T21:16:33-04:00","cwd":"{PRODUCT_ROOT}/product","command":"python3 -c \"import socket; p='/var/run/docker.sock'; s=socket.socket(socket.AF_UNIX); print('connecting',p); s.connect(p); print('connected')\"","exit_code":1,"artifacts":[],"redactions":[]}
{"schema_version":1,"timestamp":"2026-09-01T21:16:33-04:00","cwd":"{PRODUCT_ROOT}/product","command":"python3 -c \"import socket,tempfile,os; d=tempfile.mkdtemp(dir='/tmp'); p=d+'/probe.sock'; a=socket.socket(socket.AF_UNIX); a.bind(p); a.listen(1); b=socket.socket(socket.AF_UNIX); b.connect(p); c,_=a.accept(); print('tmp_unix_socket_connect=ok'); c.close(); b.close(); a.close(); os.unlink(p); os.rmdir(d)\"","exit_code":1,"artifacts":[],"redactions":[]}
{"schema_version":1,"timestamp":"2026-09-01T21:16:33-04:00","cwd":"{PRODUCT_ROOT}/product","command":"sg nogroup -c 'id'","exit_code":127,"artifacts":[],"redactions":[]}
{"schema_version":1,"timestamp":"2026-09-01T21:16:33-04:00","cwd":"{PRODUCT_ROOT}/product","command":"sg nogroup -c 'docker version'","exit_code":127,"artifacts":[],"redactions":[]}
{"schema_version":1,"timestamp":"2026-09-01T21:27:11-04:00","cwd":"{PRODUCT_ROOT}/framework","command":"python3 agents/scripts/resume-brief.py --run-id 2026-09-01-fd408477 --product-root /home/gajap/uSandbox/repos/nebula/nebula-insurance-crm --stage G1","exit_code":0,"artifacts":[],"redactions":[]}
{"schema_version":1,"timestamp":"2026-09-01T21:27:11-04:00","cwd":"{PRODUCT_ROOT}/framework","command":"python3 agents/product-manager/scripts/validate-feature-evidence.py --product-root /home/gajap/uSandbox/repos/nebula/nebula-insurance-crm --feature F0040 --run-id 2026-09-01-fd408477 --stage G1","exit_code":1,"artifacts":[],"redactions":[]}
{"schema_version":1,"timestamp":"2026-09-01T21:27:11-04:00","cwd":"{PRODUCT_ROOT}/product","command":"docker version; docker compose version; docker compose config --services; docker compose ps --format json","exit_code":0,"artifacts":[],"redactions":[]}
{"schema_version":1,"timestamp":"2026-09-01T21:27:11-04:00","cwd":"{PRODUCT_ROOT}/product","command":"docker compose up -d","exit_code":0,"artifacts":[],"redactions":[]}
{"schema_version":1,"timestamp":"2026-09-01T21:27:11-04:00","cwd":"{PRODUCT_ROOT}/product","command":"docker compose build neuron","exit_code":0,"artifacts":[],"redactions":[]}
{"schema_version":1,"timestamp":"2026-09-01T21:27:11-04:00","cwd":"{PRODUCT_ROOT}/product","command":"docker compose up -d neuron","exit_code":0,"artifacts":[],"redactions":[]}
{"schema_version":1,"timestamp":"2026-09-01T21:27:11-04:00","cwd":"{PRODUCT_ROOT}/product","command":"docker compose exec -T db pg_isready -U postgres; curl -fsS http://127.0.0.1:9000/-/health/live/; curl -fsS http://127.0.0.1:8080/healthz; curl -fsS http://127.0.0.1:8080/openapi/v1.json -o /dev/null; curl -fsS http://127.0.0.1:8200/health; curl -fsS http://127.0.0.1:8200/ready; docker compose ps","exit_code":0,"artifacts":["g1-runtime-preflight.md"],"redactions":[]}
{"schema_version":1,"timestamp":"2026-09-01T21:27:11-04:00","cwd":"{PRODUCT_ROOT}/product","command":"node --version; pnpm --version; test -d experience/node_modules","exit_code":0,"artifacts":["g1-runtime-preflight.md"],"redactions":[]}
{"schema_version":1,"timestamp":"2026-09-01T21:28:34-04:00","cwd":"nebula-agents","command":"python3 agents/product-manager/scripts/validate-feature-evidence.py --product-root /home/gajap/uSandbox/repos/nebula/nebula-insurance-crm --feature F0040 --run-id 2026-09-01-fd408477 --stage G1","exit_code":0,"artifacts":[],"redactions":[]}
{"schema_version":1,"timestamp":"2026-09-02T23:32:51-04:00","cwd":"nebula-agents","command":"python3 agents/product-manager/scripts/validate-feature-evidence.py --product-root /home/gajap/uSandbox/repos/nebula/nebula-insurance-crm --feature F0040 --run-id 2026-09-01-fd408477 --stage G2","exit_code":0,"artifacts":[],"redactions":[]}
{"schema_version":1,"timestamp":"2026-09-02T23:34:03-04:00","cwd":"nebula-agents","command":"python3 agents/product-manager/scripts/validate-feature-evidence.py --product-root /home/gajap/uSandbox/repos/nebula/nebula-insurance-crm --feature F0040 --run-id 2026-09-01-fd408477 --stage G3","exit_code":0,"artifacts":[],"redactions":[]}
{"schema_version":1,"timestamp":"2026-09-02T23:34:21-04:00","cwd":"nebula-agents","command":"python3 agents/product-manager/scripts/validate-feature-evidence.py --product-root /home/gajap/uSandbox/repos/nebula/nebula-insurance-crm --feature F0040 --run-id 2026-09-01-fd408477 --stage G4","exit_code":0,"artifacts":[],"redactions":[]}
{"schema_version":1,"timestamp":"2026-09-02T23:35:25-04:00","cwd":"nebula-agents","command":"python3 agents/product-manager/scripts/validate-feature-evidence.py --product-root /home/gajap/uSandbox/repos/nebula/nebula-insurance-crm --feature F0040 --run-id 2026-09-01-fd408477 --stage G5","exit_code":0,"artifacts":[],"redactions":[]}
{"schema_version":1,"timestamp":"2026-09-02T23:35:46-04:00","cwd":"nebula-agents","command":"python3 agents/product-manager/scripts/validate-feature-evidence.py --product-root /home/gajap/uSandbox/repos/nebula/nebula-insurance-crm --feature F0040 --run-id 2026-09-01-fd408477 --stage G6","exit_code":0,"artifacts":[],"redactions":[]}
{"schema_version":1,"timestamp":"2026-09-02T23:35:47-04:00","cwd":"nebula-agents","command":"python3 agents/product-manager/scripts/validate-trackers.py --product-root /home/gajap/uSandbox/repos/nebula/nebula-insurance-crm --feature F0040 --run-id 2026-09-01-fd408477","exit_code":0,"artifacts":[],"redactions":[]}
{"schema_version":1,"timestamp":"2026-09-02T23:36:49-04:00","cwd":"{PRODUCT_ROOT}","command":"python3 /home/gajap/uSandbox/repos/nebula/nebula-insurance-crm/scripts/kg/compile.py","exit_code":0,"artifacts":[],"redactions":[]}
{"schema_version":1,"timestamp":"2026-09-02T23:37:02-04:00","cwd":"{PRODUCT_ROOT}","command":"python3 /home/gajap/uSandbox/repos/nebula/nebula-insurance-crm/scripts/kg/validate.py --regenerate-symbols --check-symbols --regenerate-decisions --check-decisions","exit_code":0,"artifacts":[],"redactions":[]}
{"schema_version":1,"timestamp":"2026-09-02T23:37:08-04:00","cwd":"{PRODUCT_ROOT}","command":"python3 /home/gajap/uSandbox/repos/nebula/nebula-insurance-crm/scripts/kg/validate.py --check-drift","exit_code":0,"artifacts":[],"redactions":[]}
{"schema_version":1,"timestamp":"2026-09-03T07:55:39-04:00","cwd":"{PRODUCT_ROOT}","command":"python3 /home/gajap/uSandbox/repos/nebula/nebula-insurance-crm/scripts/kg/compile.py","exit_code":0,"artifacts":[],"redactions":[]}
{"schema_version":1,"timestamp":"2026-09-03T07:55:39-04:00","cwd":"nebula-agents","command":"python3 agents/product-manager/scripts/patch-prior-manifest.py --product-root /home/gajap/uSandbox/repos/nebula/nebula-insurance-crm --feature F0040 --new-run-id 2026-09-01-fd408477","exit_code":0,"artifacts":[],"redactions":[]}
{"schema_version":1,"timestamp":"2026-09-03T07:55:49-04:00","cwd":"{PRODUCT_ROOT}","command":"python3 /home/gajap/uSandbox/repos/nebula/nebula-insurance-crm/scripts/kg/validate.py --write-coverage-report","exit_code":0,"artifacts":[],"redactions":[]}
{"schema_version":1,"timestamp":"2026-09-03T07:55:55-04:00","cwd":"{PRODUCT_ROOT}","command":"python3 /home/gajap/uSandbox/repos/nebula/nebula-insurance-crm/scripts/kg/validate.py --check-drift","exit_code":0,"artifacts":[],"redactions":[]}
{"schema_version":1,"timestamp":"2026-09-03T07:55:55-04:00","cwd":"nebula-agents","command":"python3 agents/scripts/capture-run-telemetry.py --product-root /home/gajap/uSandbox/repos/nebula/nebula-insurance-crm --run-id 2026-09-01-fd408477","exit_code":0,"artifacts":[],"redactions":[]}
{"schema_version":1,"timestamp":"2026-09-03T07:55:56-04:00","cwd":"nebula-agents","command":"python3 agents/product-manager/scripts/validate-feature-evidence.py --product-root /home/gajap/uSandbox/repos/nebula/nebula-insurance-crm --feature F0040 --stage closeout","exit_code":1,"artifacts":[],"redactions":[]}
{"schema_version":1,"timestamp":"2026-09-03T07:57:34-04:00","cwd":"{PRODUCT_ROOT}","command":"python3 /home/gajap/uSandbox/repos/nebula/nebula-insurance-crm/scripts/kg/compile.py","exit_code":0,"artifacts":[],"redactions":[]}
{"schema_version":1,"timestamp":"2026-09-03T07:57:34-04:00","cwd":"nebula-agents","command":"python3 agents/product-manager/scripts/patch-prior-manifest.py --product-root /home/gajap/uSandbox/repos/nebula/nebula-insurance-crm --feature F0040 --new-run-id 2026-09-01-fd408477","exit_code":0,"artifacts":[],"redactions":[]}
{"schema_version":1,"timestamp":"2026-09-03T07:57:45-04:00","cwd":"{PRODUCT_ROOT}","command":"python3 /home/gajap/uSandbox/repos/nebula/nebula-insurance-crm/scripts/kg/validate.py --write-coverage-report","exit_code":0,"artifacts":[],"redactions":[]}
{"schema_version":1,"timestamp":"2026-09-03T07:57:50-04:00","cwd":"{PRODUCT_ROOT}","command":"python3 /home/gajap/uSandbox/repos/nebula/nebula-insurance-crm/scripts/kg/validate.py --check-drift","exit_code":0,"artifacts":[],"redactions":[]}
{"schema_version":1,"timestamp":"2026-09-03T07:57:51-04:00","cwd":"nebula-agents","command":"python3 agents/scripts/capture-run-telemetry.py --product-root /home/gajap/uSandbox/repos/nebula/nebula-insurance-crm --run-id 2026-09-01-fd408477","exit_code":0,"artifacts":[],"redactions":[]}
{"schema_version":1,"timestamp":"2026-09-03T07:57:51-04:00","cwd":"nebula-agents","command":"python3 agents/product-manager/scripts/validate-feature-evidence.py --product-root /home/gajap/uSandbox/repos/nebula/nebula-insurance-crm --feature F0040 --stage closeout","exit_code":1,"artifacts":[],"redactions":[]}
{"schema_version":1,"timestamp":"2026-09-03T07:59:13-04:00","cwd":"{PRODUCT_ROOT}","command":"python3 /home/gajap/uSandbox/repos/nebula/nebula-insurance-crm/scripts/kg/compile.py","exit_code":0,"artifacts":[],"redactions":[]}
{"schema_version":1,"timestamp":"2026-09-03T07:59:13-04:00","cwd":"nebula-agents","command":"python3 agents/product-manager/scripts/patch-prior-manifest.py --product-root /home/gajap/uSandbox/repos/nebula/nebula-insurance-crm --feature F0040 --new-run-id 2026-09-01-fd408477","exit_code":0,"artifacts":[],"redactions":[]}
{"schema_version":1,"timestamp":"2026-09-03T07:59:23-04:00","cwd":"{PRODUCT_ROOT}","command":"python3 /home/gajap/uSandbox/repos/nebula/nebula-insurance-crm/scripts/kg/validate.py --write-coverage-report","exit_code":0,"artifacts":[],"redactions":[]}
{"schema_version":1,"timestamp":"2026-09-03T07:59:28-04:00","cwd":"{PRODUCT_ROOT}","command":"python3 /home/gajap/uSandbox/repos/nebula/nebula-insurance-crm/scripts/kg/validate.py --check-drift","exit_code":0,"artifacts":[],"redactions":[]}
{"schema_version":1,"timestamp":"2026-09-03T07:59:29-04:00","cwd":"nebula-agents","command":"python3 agents/scripts/capture-run-telemetry.py --product-root /home/gajap/uSandbox/repos/nebula/nebula-insurance-crm --run-id 2026-09-01-fd408477","exit_code":0,"artifacts":[],"redactions":[]}
{"schema_version":1,"timestamp":"2026-09-03T07:59:29-04:00","cwd":"nebula-agents","command":"python3 agents/product-manager/scripts/validate-feature-evidence.py --product-root /home/gajap/uSandbox/repos/nebula/nebula-insurance-crm --feature F0040 --stage closeout","exit_code":1,"artifacts":[],"redactions":[]}
{"schema_version":1,"timestamp":"2026-09-03T07:59:46-04:00","cwd":"{PRODUCT_ROOT}","command":"python3 /home/gajap/uSandbox/repos/nebula/nebula-insurance-crm/scripts/kg/compile.py","exit_code":0,"artifacts":[],"redactions":[]}
{"schema_version":1,"timestamp":"2026-09-03T07:59:46-04:00","cwd":"nebula-agents","command":"python3 agents/product-manager/scripts/patch-prior-manifest.py --product-root /home/gajap/uSandbox/repos/nebula/nebula-insurance-crm --feature F0040 --new-run-id 2026-09-01-fd408477","exit_code":0,"artifacts":[],"redactions":[]}
{"schema_version":1,"timestamp":"2026-09-03T07:59:56-04:00","cwd":"{PRODUCT_ROOT}","command":"python3 /home/gajap/uSandbox/repos/nebula/nebula-insurance-crm/scripts/kg/validate.py --write-coverage-report","exit_code":0,"artifacts":[],"redactions":[]}
{"schema_version":1,"timestamp":"2026-09-03T08:00:02-04:00","cwd":"{PRODUCT_ROOT}","command":"python3 /home/gajap/uSandbox/repos/nebula/nebula-insurance-crm/scripts/kg/validate.py --check-drift","exit_code":0,"artifacts":[],"redactions":[]}
{"schema_version":1,"timestamp":"2026-09-03T08:00:02-04:00","cwd":"nebula-agents","command":"python3 agents/scripts/capture-run-telemetry.py --product-root /home/gajap/uSandbox/repos/nebula/nebula-insurance-crm --run-id 2026-09-01-fd408477","exit_code":0,"artifacts":[],"redactions":[]}
{"schema_version":1,"timestamp":"2026-09-03T08:00:02-04:00","cwd":"nebula-agents","command":"python3 agents/product-manager/scripts/validate-feature-evidence.py --product-root /home/gajap/uSandbox/repos/nebula/nebula-insurance-crm --feature F0040 --stage closeout","exit_code":0,"artifacts":[],"redactions":[]}
{"schema_version":1,"timestamp":"2026-09-03T08:00:03-04:00","cwd":"nebula-agents","command":"python3 agents/product-manager/scripts/validate-trackers.py --product-root /home/gajap/uSandbox/repos/nebula/nebula-insurance-crm --feature F0040 --run-id 2026-09-01-fd408477","exit_code":1,"artifacts":[],"redactions":[]}
{"schema_version":1,"timestamp":"2026-09-03T08:00:55-04:00","cwd":"{PRODUCT_ROOT}","command":"python3 /home/gajap/uSandbox/repos/nebula/nebula-insurance-crm/scripts/kg/compile.py","exit_code":0,"artifacts":[],"redactions":[]}
{"schema_version":1,"timestamp":"2026-09-03T08:00:55-04:00","cwd":"nebula-agents","command":"python3 agents/product-manager/scripts/patch-prior-manifest.py --product-root /home/gajap/uSandbox/repos/nebula/nebula-insurance-crm --feature F0040 --new-run-id 2026-09-01-fd408477","exit_code":0,"artifacts":[],"redactions":[]}
{"schema_version":1,"timestamp":"2026-09-03T08:01:05-04:00","cwd":"{PRODUCT_ROOT}","command":"python3 /home/gajap/uSandbox/repos/nebula/nebula-insurance-crm/scripts/kg/validate.py --write-coverage-report","exit_code":0,"artifacts":[],"redactions":[]}
{"schema_version":1,"timestamp":"2026-09-03T08:01:11-04:00","cwd":"{PRODUCT_ROOT}","command":"python3 /home/gajap/uSandbox/repos/nebula/nebula-insurance-crm/scripts/kg/validate.py --check-drift","exit_code":0,"artifacts":[],"redactions":[]}
{"schema_version":1,"timestamp":"2026-09-03T08:01:11-04:00","cwd":"nebula-agents","command":"python3 agents/scripts/capture-run-telemetry.py --product-root /home/gajap/uSandbox/repos/nebula/nebula-insurance-crm --run-id 2026-09-01-fd408477","exit_code":0,"artifacts":[],"redactions":[]}
{"schema_version":1,"timestamp":"2026-09-03T08:01:11-04:00","cwd":"nebula-agents","command":"python3 agents/product-manager/scripts/validate-feature-evidence.py --product-root /home/gajap/uSandbox/repos/nebula/nebula-insurance-crm --feature F0040 --stage closeout","exit_code":0,"artifacts":[],"redactions":[]}
{"schema_version":1,"timestamp":"2026-09-03T08:01:12-04:00","cwd":"nebula-agents","command":"python3 agents/product-manager/scripts/validate-trackers.py --product-root /home/gajap/uSandbox/repos/nebula/nebula-insurance-crm --feature F0040 --run-id 2026-09-01-fd408477","exit_code":1,"artifacts":[],"redactions":[]}
{"schema_version":1,"timestamp":"2026-09-03T08:02:53-04:00","cwd":"{PRODUCT_ROOT}","command":"python3 /home/gajap/uSandbox/repos/nebula/nebula-insurance-crm/scripts/kg/compile.py","exit_code":0,"artifacts":[],"redactions":[]}
{"schema_version":1,"timestamp":"2026-09-03T08:02:53-04:00","cwd":"nebula-agents","command":"python3 agents/product-manager/scripts/patch-prior-manifest.py --product-root /home/gajap/uSandbox/repos/nebula/nebula-insurance-crm --feature F0040 --new-run-id 2026-09-01-fd408477","exit_code":0,"artifacts":[],"redactions":[]}
{"schema_version":1,"timestamp":"2026-09-03T08:03:03-04:00","cwd":"{PRODUCT_ROOT}","command":"python3 /home/gajap/uSandbox/repos/nebula/nebula-insurance-crm/scripts/kg/validate.py --write-coverage-report","exit_code":0,"artifacts":[],"redactions":[]}
{"schema_version":1,"timestamp":"2026-09-03T08:03:09-04:00","cwd":"{PRODUCT_ROOT}","command":"python3 /home/gajap/uSandbox/repos/nebula/nebula-insurance-crm/scripts/kg/validate.py --check-drift","exit_code":0,"artifacts":[],"redactions":[]}
{"schema_version":1,"timestamp":"2026-09-03T08:03:09-04:00","cwd":"nebula-agents","command":"python3 agents/scripts/capture-run-telemetry.py --product-root /home/gajap/uSandbox/repos/nebula/nebula-insurance-crm --run-id 2026-09-01-fd408477","exit_code":0,"artifacts":[],"redactions":[]}
{"schema_version":1,"timestamp":"2026-09-03T08:03:09-04:00","cwd":"nebula-agents","command":"python3 agents/product-manager/scripts/validate-feature-evidence.py --product-root /home/gajap/uSandbox/repos/nebula/nebula-insurance-crm --feature F0040 --stage closeout","exit_code":0,"artifacts":[],"redactions":[]}
{"schema_version":1,"timestamp":"2026-09-03T08:03:09-04:00","cwd":"nebula-agents","command":"python3 agents/product-manager/scripts/validate-trackers.py --product-root /home/gajap/uSandbox/repos/nebula/nebula-insurance-crm --feature F0040 --run-id 2026-09-01-fd408477","exit_code":1,"artifacts":[],"redactions":[]}
{"schema_version":1,"timestamp":"2026-09-03T08:04:35-04:00","cwd":"{PRODUCT_ROOT}","command":"python3 /home/gajap/uSandbox/repos/nebula/nebula-insurance-crm/scripts/kg/compile.py","exit_code":1,"artifacts":[],"redactions":[]}
{"schema_version":1,"timestamp":"2026-09-03T08:04:51-04:00","cwd":"{PRODUCT_ROOT}","command":"python3 /home/gajap/uSandbox/repos/nebula/nebula-insurance-crm/scripts/kg/compile.py","exit_code":0,"artifacts":[],"redactions":[]}
{"schema_version":1,"timestamp":"2026-09-03T08:04:51-04:00","cwd":"nebula-agents","command":"python3 agents/product-manager/scripts/patch-prior-manifest.py --product-root /home/gajap/uSandbox/repos/nebula/nebula-insurance-crm --feature F0040 --new-run-id 2026-09-01-fd408477","exit_code":0,"artifacts":[],"redactions":[]}
{"schema_version":1,"timestamp":"2026-09-03T08:05:01-04:00","cwd":"{PRODUCT_ROOT}","command":"python3 /home/gajap/uSandbox/repos/nebula/nebula-insurance-crm/scripts/kg/validate.py --write-coverage-report","exit_code":0,"artifacts":[],"redactions":[]}
{"schema_version":1,"timestamp":"2026-09-03T08:05:07-04:00","cwd":"{PRODUCT_ROOT}","command":"python3 /home/gajap/uSandbox/repos/nebula/nebula-insurance-crm/scripts/kg/validate.py --check-drift","exit_code":0,"artifacts":[],"redactions":[]}
{"schema_version":1,"timestamp":"2026-09-03T08:05:07-04:00","cwd":"nebula-agents","command":"python3 agents/scripts/capture-run-telemetry.py --product-root /home/gajap/uSandbox/repos/nebula/nebula-insurance-crm --run-id 2026-09-01-fd408477","exit_code":0,"artifacts":[],"redactions":[]}
{"schema_version":1,"timestamp":"2026-09-03T08:05:08-04:00","cwd":"nebula-agents","command":"python3 agents/product-manager/scripts/validate-feature-evidence.py --product-root /home/gajap/uSandbox/repos/nebula/nebula-insurance-crm --feature F0040 --stage closeout","exit_code":0,"artifacts":[],"redactions":[]}
{"schema_version":1,"timestamp":"2026-09-03T08:05:08-04:00","cwd":"nebula-agents","command":"python3 agents/product-manager/scripts/validate-trackers.py --product-root /home/gajap/uSandbox/repos/nebula/nebula-insurance-crm --feature F0040 --run-id 2026-09-01-fd408477","exit_code":0,"artifacts":[],"redactions":[]}
