{"schema_version":1,"timestamp":"2026-07-25T19:08:29-04:00","cwd":"nebula-agents","command":"python3 agents/product-manager/scripts/validate-feature-evidence.py --product-root /home/gajap/uSandbox/repos/nebula/nebula-insurance-crm --feature F0039 --run-id 2026-07-25-273d5672 --stage G0","exit_code":1,"artifacts":[],"redactions":[]}
{"schema_version":1,"timestamp":"2026-07-25T19:09:39-04:00","cwd":"nebula-agents","command":"python3 agents/product-manager/scripts/validate-feature-evidence.py --product-root /home/gajap/uSandbox/repos/nebula/nebula-insurance-crm --feature F0039 --run-id 2026-07-25-273d5672 --stage G0","exit_code":0,"artifacts":[],"redactions":[]}
{"schema_version":1,"timestamp":"2026-07-25T19:32:37-04:00","cwd":"{PRODUCT_ROOT}/neuron","command":".venv/bin/python -m pip install pytest pytest-cov 'psycopg[binary,pool]>=3.2'","exit_code":0,"artifacts":[],"redactions":[]}
{"schema_version":1,"timestamp":"2026-07-25T19:32:54-04:00","cwd":"{PRODUCT_ROOT}/neuron","command":".venv/bin/python -m pip install pytest pytest-cov 'psycopg[binary,pool]>=3.2'","exit_code":0,"artifacts":[],"redactions":[]}
{"schema_version":1,"timestamp":"2026-07-25T19:33:07-04:00","cwd":"{PRODUCT_ROOT}/product","command":"docker compose up -d db","exit_code":0,"artifacts":["planning-mds/operations/evidence/runs/2026-07-25-273d5672/g1-runtime-preflight.md"],"redactions":[]}
{"schema_version":1,"timestamp":"2026-07-25T19:33:07-04:00","cwd":"{PRODUCT_ROOT}/product","command":"docker compose up -d api","exit_code":0,"artifacts":["planning-mds/operations/evidence/runs/2026-07-25-273d5672/g1-runtime-preflight.md"],"redactions":[]}
{"schema_version":1,"timestamp":"2026-07-25T19:33:07-04:00","cwd":"{PRODUCT_ROOT}/product","command":"docker compose ps","exit_code":0,"artifacts":["planning-mds/operations/evidence/runs/2026-07-25-273d5672/g1-runtime-preflight.md"],"redactions":[]}
{"schema_version":1,"timestamp":"2026-07-25T19:33:07-04:00","cwd":"{PRODUCT_ROOT}/product","command":"curl -s -o /dev/null -w %{http_code} http://localhost:8080/healthz","exit_code":0,"artifacts":["planning-mds/operations/evidence/runs/2026-07-25-273d5672/g1-runtime-preflight.md"],"redactions":[]}
{"schema_version":1,"timestamp":"2026-07-25T19:33:07-04:00","cwd":"{PRODUCT_ROOT}/product","command":"curl -s -H 'Authorization: Bearer ***' http://127.0.0.1:8000/v1/models","exit_code":0,"artifacts":["planning-mds/operations/evidence/runs/2026-07-25-273d5672/g1-runtime-preflight.md"],"redactions":["NEURON_PHI_API_KEY bearer token redacted"]}
{"schema_version":1,"timestamp":"2026-07-25T19:33:07-04:00","cwd":"{PRODUCT_ROOT}/product","command":"curl -s -H 'Authorization: Bearer ***' http://127.0.0.1:8000/v1/chat/completions  # json_schema structured probe","exit_code":0,"artifacts":["planning-mds/operations/evidence/runs/2026-07-25-273d5672/g1-runtime-preflight.md"],"redactions":["NEURON_PHI_API_KEY bearer token redacted"]}
{"schema_version":1,"timestamp":"2026-07-25T19:33:07-04:00","cwd":"{PRODUCT_ROOT}/neuron","command":".venv/bin/python -m unittest discover -s tests -t . -q","exit_code":0,"artifacts":["planning-mds/operations/evidence/runs/2026-07-25-273d5672/g1-runtime-preflight.md"],"redactions":[]}
{"schema_version":1,"timestamp":"2026-07-25T19:33:24-04:00","cwd":"nebula-agents","command":"python3 agents/product-manager/scripts/validate-feature-evidence.py --product-root /home/gajap/uSandbox/repos/nebula/nebula-insurance-crm --feature F0039 --run-id 2026-07-25-273d5672 --stage G1","exit_code":1,"artifacts":[],"redactions":[]}
{"schema_version":1,"timestamp":"2026-07-25T19:34:00-04:00","cwd":"nebula-agents","command":"python3 agents/product-manager/scripts/validate-feature-evidence.py --product-root /home/gajap/uSandbox/repos/nebula/nebula-insurance-crm --feature F0039 --run-id 2026-07-25-273d5672 --stage G1","exit_code":0,"artifacts":[],"redactions":[]}
{"schema_version":1,"timestamp":"2026-07-25T20:24:37-04:00","cwd":"{PRODUCT_ROOT}/neuron","command":"NEURON_POSTGRES_DSN=*** .venv/bin/python -m app.persistence.migrate","exit_code":0,"artifacts":[],"redactions":["NEURON_POSTGRES_DSN redacted"]}
{"schema_version":1,"timestamp":"2026-07-25T20:24:37-04:00","cwd":"{PRODUCT_ROOT}/neuron","command":".venv/bin/python -m pytest tests -q","exit_code":0,"artifacts":[],"redactions":[]}
{"schema_version":1,"timestamp":"2026-07-25T20:24:37-04:00","cwd":"{PRODUCT_ROOT}/experience","command":"pnpm vitest run src/features/neuron --reporter=basic","exit_code":0,"artifacts":[],"redactions":[]}
{"schema_version":1,"timestamp":"2026-07-25T20:24:37-04:00","cwd":"{PRODUCT_ROOT}/experience","command":"pnpm lint","exit_code":1,"artifacts":[],"redactions":[]}
{"schema_version":1,"timestamp":"2026-07-25T20:24:37-04:00","cwd":"{PRODUCT_ROOT}/experience","command":"pnpm lint:theme","exit_code":0,"artifacts":[],"redactions":[]}
{"schema_version":1,"timestamp":"2026-07-25T20:24:37-04:00","cwd":"{PRODUCT_ROOT}/experience","command":"pnpm build","exit_code":0,"artifacts":[],"redactions":[]}
{"schema_version":1,"timestamp":"2026-07-25T20:24:37-04:00","cwd":"{PRODUCT_ROOT}/experience","command":"pnpm vitest run --reporter=basic","exit_code":1,"artifacts":[],"redactions":[]}
{"schema_version":1,"timestamp":"2026-07-25T20:35:01-04:00","cwd":"{PRODUCT_ROOT}/neuron","command":".venv/bin/python -m pytest tests/test_structured_provider.py -q  # 64 passed","exit_code":0,"artifacts":[],"redactions":[]}
{"schema_version":1,"timestamp":"2026-07-25T20:35:01-04:00","cwd":"{PRODUCT_ROOT}/neuron","command":"source ~/.neuron-secrets && .venv/bin/python -m pytest tests/test_local_phi_live.py -q  # 6 passed vs live Phi","exit_code":0,"artifacts":[],"redactions":["NEURON_PHI_API_KEY sourced from gitignored ~/.neuron-secrets; never echoed"]}
{"schema_version":1,"timestamp":"2026-07-25T20:35:02-04:00","cwd":"{PRODUCT_ROOT}/neuron","command":".venv/bin/python -m pytest tests -q  # 258 passed, 6 skipped","exit_code":0,"artifacts":[],"redactions":[]}
{"schema_version":1,"timestamp":"2026-07-25T20:50:29-04:00","cwd":"{PRODUCT_ROOT}/neuron","command":".venv/bin/python -m pytest tests/test_intent_catalog.py tests/test_intent_validation.py -q  # 76 passed","exit_code":0,"artifacts":[],"redactions":[]}
{"schema_version":1,"timestamp":"2026-07-25T20:50:29-04:00","cwd":"{PRODUCT_ROOT}/neuron","command":".venv/bin/python -m pytest tests -q  # 334 passed, 6 skipped","exit_code":0,"artifacts":[],"redactions":[]}
{"schema_version":1,"timestamp":"2026-07-25T21:06:15-04:00","cwd":"{PRODUCT_ROOT}/neuron","command":".venv/bin/python -m pytest tests/test_intent_resolver.py -q  # 36 passed","exit_code":0,"artifacts":[],"redactions":[]}
{"schema_version":1,"timestamp":"2026-07-25T21:06:15-04:00","cwd":"{PRODUCT_ROOT}/neuron","command":"source ~/.neuron-secrets && .venv/bin/python -m pytest tests/test_local_phi_live.py -q  # 13 passed vs live Phi","exit_code":0,"artifacts":[],"redactions":["NEURON_PHI_API_KEY sourced from gitignored ~/.neuron-secrets; never echoed"]}
{"schema_version":1,"timestamp":"2026-07-25T21:06:15-04:00","cwd":"{PRODUCT_ROOT}/neuron","command":".venv/bin/python -m pytest tests -q  # 370 passed, 13 skipped","exit_code":0,"artifacts":[],"redactions":[]}
{"schema_version":1,"timestamp":"2026-07-25T21:12:18-04:00","cwd":"{PRODUCT_ROOT}/neuron","command":".venv/bin/python -m pytest tests/test_dispatcher_integration.py -q  # 19 passed","exit_code":0,"artifacts":[],"redactions":[]}
{"schema_version":1,"timestamp":"2026-07-25T21:12:18-04:00","cwd":"{PRODUCT_ROOT}/neuron","command":"NEURON_PERSISTENCE=postgres NEURON_MODEL_PROVIDER=local_phi .venv/bin/python  # E2E turn vs live Phi + Postgres: 1 engine call across 3 turns, 6 messages persisted in sequence","exit_code":0,"artifacts":[],"redactions":["NEURON_POSTGRES_DSN and NEURON_PHI_API_KEY redacted"]}
{"schema_version":1,"timestamp":"2026-07-25T21:12:18-04:00","cwd":"{PRODUCT_ROOT}/neuron","command":".venv/bin/python -m pytest tests -q  # 389 passed, 13 skipped","exit_code":0,"artifacts":[],"redactions":[]}
{"schema_version":1,"timestamp":"2026-07-25T21:20:51-04:00","cwd":"{PRODUCT_ROOT}/neuron","command":"NEURON_MODEL_PROVIDER=local_phi .venv/bin/python -m app.intent.evaluate_cli --report evals/reports/2026-07-25-local-phi.json  # 6/8 gates PASS, OVERALL FAIL","exit_code":1,"artifacts":["neuron/evals/reports/2026-07-25-local-phi.json"],"redactions":["NEURON_PHI_API_KEY sourced from gitignored ~/.neuron-secrets"]}
{"schema_version":1,"timestamp":"2026-07-25T21:20:51-04:00","cwd":"{PRODUCT_ROOT}/neuron","command":".venv/bin/python -m pytest tests -q  # 410 passed, 13 skipped","exit_code":0,"artifacts":[],"redactions":[]}
{"schema_version":1,"timestamp":"2026-07-25T21:26:35-04:00","cwd":"nebula-agents","command":"python3 agents/product-manager/scripts/validate-feature-evidence.py --product-root /home/gajap/uSandbox/repos/nebula/nebula-insurance-crm --feature F0039 --run-id 2026-07-25-273d5672 --stage G2","exit_code":1,"artifacts":[],"redactions":[]}
{"schema_version":1,"timestamp":"2026-07-25T21:27:05-04:00","cwd":"nebula-agents","command":"python3 agents/product-manager/scripts/validate-feature-evidence.py --product-root /home/gajap/uSandbox/repos/nebula/nebula-insurance-crm --feature F0039 --run-id 2026-07-25-273d5672 --stage G2","exit_code":0,"artifacts":[],"redactions":[]}
{"schema_version":1,"timestamp":"2026-07-25T21:27:50-04:00","cwd":"{PRODUCT_ROOT}/neuron","command":".venv/bin/python -m pytest tests -q --cov=app --cov-report=json  # 90% coverage, 410 passed","exit_code":0,"artifacts":["planning-mds/operations/evidence/runs/2026-07-25-273d5672/artifacts/coverage/neuron-coverage.json"],"redactions":[]}
{"schema_version":1,"timestamp":"2026-07-25T21:27:50-04:00","cwd":"{PRODUCT_ROOT}/neuron","command":".venv/bin/python -m pip_audit --desc  # no known vulnerabilities","exit_code":0,"artifacts":["planning-mds/operations/evidence/runs/2026-07-25-273d5672/artifacts/security/dependency-pip-audit.txt"],"redactions":[]}
{"schema_version":1,"timestamp":"2026-07-25T21:27:50-04:00","cwd":"{PRODUCT_ROOT}/neuron","command":".venv/bin/python -m bandit -r neuron/app -f txt  # 0 high, 9 medium (false-positive), 3 low","exit_code":0,"artifacts":["planning-mds/operations/evidence/runs/2026-07-25-273d5672/artifacts/security/sast-bandit.txt"],"redactions":[]}
{"schema_version":1,"timestamp":"2026-07-25T21:27:50-04:00","cwd":"{PRODUCT_ROOT}/product","command":"grep -nEI '<secret patterns>' $(cat changed-files.txt)  # pattern-based secrets fallback; 1 candidate assessed non-secret","exit_code":0,"artifacts":["planning-mds/operations/evidence/runs/2026-07-25-273d5672/artifacts/security/secrets-pattern-scan.txt"],"redactions":[]}
{"schema_version":1,"timestamp":"2026-07-25T21:27:50-04:00","cwd":"{PRODUCT_ROOT}/product","command":"docker compose config --quiet  # compose valid after neuron service update","exit_code":0,"artifacts":["planning-mds/operations/evidence/runs/2026-07-25-273d5672/deployability-check.md"],"redactions":[]}
{"schema_version":1,"timestamp":"2026-07-25T21:33:02-04:00","cwd":"nebula-agents","command":"python3 agents/product-manager/scripts/validate-feature-evidence.py --product-root /home/gajap/uSandbox/repos/nebula/nebula-insurance-crm --feature F0039 --run-id 2026-07-25-273d5672 --stage G3","exit_code":0,"artifacts":[],"redactions":[]}
{"schema_version":1,"timestamp":"2026-07-25T21:36:39-04:00","cwd":"nebula-agents","command":"python3 agents/product-manager/scripts/validate-feature-evidence.py --product-root /home/gajap/uSandbox/repos/nebula/nebula-insurance-crm --feature F0039 --run-id 2026-07-25-273d5672 --stage G3","exit_code":0,"artifacts":[],"redactions":[]}
{"schema_version":1,"timestamp":"2026-07-25T21:36:39-04:00","cwd":"nebula-agents","command":"python3 agents/product-manager/scripts/validate-feature-evidence.py --product-root /home/gajap/uSandbox/repos/nebula/nebula-insurance-crm --feature F0039 --run-id 2026-07-25-273d5672 --stage G4","exit_code":0,"artifacts":[],"redactions":[]}
{"schema_version":1,"timestamp":"2026-07-25T21:38:21-04:00","cwd":"nebula-agents","command":"python3 agents/product-manager/scripts/validate-feature-evidence.py --product-root /home/gajap/uSandbox/repos/nebula/nebula-insurance-crm --feature F0039 --run-id 2026-07-25-273d5672 --stage G5","exit_code":1,"artifacts":[],"redactions":[]}
{"schema_version":1,"timestamp":"2026-07-25T21:38:37-04:00","cwd":"nebula-agents","command":"python3 agents/product-manager/scripts/validate-feature-evidence.py --product-root /home/gajap/uSandbox/repos/nebula/nebula-insurance-crm --feature F0039 --run-id 2026-07-25-273d5672 --stage G5","exit_code":1,"artifacts":[],"redactions":[]}
{"schema_version":1,"timestamp":"2026-07-25T21:39:01-04:00","cwd":"nebula-agents","command":"python3 agents/product-manager/scripts/validate-feature-evidence.py --product-root /home/gajap/uSandbox/repos/nebula/nebula-insurance-crm --feature F0039 --run-id 2026-07-25-273d5672 --stage G5","exit_code":1,"artifacts":[],"redactions":[]}
{"schema_version":1,"timestamp":"2026-07-25T21:39:30-04:00","cwd":"nebula-agents","command":"python3 agents/product-manager/scripts/validate-feature-evidence.py --product-root /home/gajap/uSandbox/repos/nebula/nebula-insurance-crm --feature F0039 --run-id 2026-07-25-273d5672 --stage G5","exit_code":0,"artifacts":[],"redactions":[]}
{"schema_version":1,"timestamp":"2026-07-25T21:40:04-04:00","cwd":"nebula-agents","command":"python3 agents/product-manager/scripts/validate-feature-evidence.py --product-root /home/gajap/uSandbox/repos/nebula/nebula-insurance-crm --feature F0039 --run-id 2026-07-25-273d5672 --stage G6","exit_code":1,"artifacts":[],"redactions":[]}
{"schema_version":1,"timestamp":"2026-07-25T21:40:35-04:00","cwd":"nebula-agents","command":"python3 agents/product-manager/scripts/validate-feature-evidence.py --product-root /home/gajap/uSandbox/repos/nebula/nebula-insurance-crm --feature F0039 --run-id 2026-07-25-273d5672 --stage G6","exit_code":0,"artifacts":[],"redactions":[]}
{"schema_version":1,"timestamp":"2026-07-25T21:40:35-04:00","cwd":"nebula-agents","command":"python3 agents/product-manager/scripts/validate-trackers.py --product-root /home/gajap/uSandbox/repos/nebula/nebula-insurance-crm --feature F0039 --run-id 2026-07-25-273d5672","exit_code":0,"artifacts":[],"redactions":[]}
{"schema_version":1,"timestamp":"2026-07-25T21:40:48-04:00","cwd":"{PRODUCT_ROOT}/framework","command":"python3 agents/scripts/gate_policy.py --profile standard --code-critical 0 --code-high 0 --security-critical 0 --security-high 0  # ACCEPTABLE","exit_code":0,"artifacts":[],"redactions":[]}
{"schema_version":1,"timestamp":"2026-07-25T21:40:48-04:00","cwd":"{PRODUCT_ROOT}/neuron","command":".venv/bin/python -m pytest tests -q  # 413 passed after the M1 fix","exit_code":0,"artifacts":[],"redactions":[]}
{"schema_version":1,"timestamp":"2026-07-25T21:40:48-04:00","cwd":"{PRODUCT_ROOT}/framework","command":"python3 agents/product-manager/scripts/validate-trackers.py --feature F0039 --run-id 2026-07-25-273d5672  # PASS 0 errors 0 warnings","exit_code":0,"artifacts":["planning-mds/operations/evidence/runs/2026-07-25-273d5672/feature-action-execution.md"],"redactions":[]}
{"schema_version":1,"timestamp":"2026-07-25T21:43:46-04:00","cwd":"{PRODUCT_ROOT}","command":"python3 /home/gajap/uSandbox/repos/nebula/nebula-insurance-crm/scripts/kg/compile.py","exit_code":0,"artifacts":[],"redactions":[]}
{"schema_version":1,"timestamp":"2026-07-25T21:43:59-04:00","cwd":"{PRODUCT_ROOT}","command":"python3 /home/gajap/uSandbox/repos/nebula/nebula-insurance-crm/scripts/kg/validate.py --regenerate-symbols --check-symbols --regenerate-decisions --check-decisions","exit_code":0,"artifacts":[],"redactions":[]}
{"schema_version":1,"timestamp":"2026-07-25T21:44:04-04:00","cwd":"{PRODUCT_ROOT}","command":"python3 /home/gajap/uSandbox/repos/nebula/nebula-insurance-crm/scripts/kg/validate.py --check-drift","exit_code":0,"artifacts":[],"redactions":[]}
{"schema_version":1,"timestamp":"2026-07-25T21:52:10-04:00","cwd":"{PRODUCT_ROOT}/product","command":"python3 scripts/kg/compile.py  # G7 binding shards compiled","exit_code":0,"artifacts":["planning-mds/operations/evidence/runs/2026-07-25-273d5672/kg-reconciliation.md"],"redactions":[]}
{"schema_version":1,"timestamp":"2026-07-25T21:52:10-04:00","cwd":"{PRODUCT_ROOT}/product","command":"python3 scripts/kg/validate.py --regenerate-symbols --check-symbols --regenerate-decisions --check-decisions  # G7 PASS","exit_code":0,"artifacts":["planning-mds/operations/evidence/runs/2026-07-25-273d5672/kg-reconciliation.md"],"redactions":[]}
{"schema_version":1,"timestamp":"2026-07-25T21:52:10-04:00","cwd":"{PRODUCT_ROOT}/product","command":"python3 scripts/kg/validate.py --check-drift  # G7 PASS","exit_code":0,"artifacts":["planning-mds/operations/evidence/runs/2026-07-25-273d5672/kg-reconciliation.md"],"redactions":[]}
{"schema_version":1,"timestamp":"2026-07-25T21:52:10-04:00","cwd":"{PRODUCT_ROOT}/product","command":"git mv planning-mds/features/F0039-neuron-multi-thread-conversations planning-mds/features/archive/  # G8 archive move","exit_code":0,"artifacts":["planning-mds/operations/evidence/runs/2026-07-25-273d5672/pm-closeout.md"],"redactions":[]}
{"schema_version":1,"timestamp":"2026-07-25T21:52:10-04:00","cwd":"{PRODUCT_ROOT}/product","command":"python3 scripts/kg/compile.py  # G8 post-move, trackers regenerated","exit_code":0,"artifacts":["planning-mds/operations/evidence/runs/2026-07-25-273d5672/pm-closeout.md"],"redactions":[]}
{"schema_version":1,"timestamp":"2026-07-25T21:52:10-04:00","cwd":"{PRODUCT_ROOT}/product","command":"python3 scripts/kg/validate.py --write-coverage-report  # G8 post-move coverage regeneration","exit_code":0,"artifacts":["planning-mds/operations/evidence/runs/2026-07-25-273d5672/pm-closeout.md"],"redactions":[]}
{"schema_version":1,"timestamp":"2026-07-25T21:52:10-04:00","cwd":"{PRODUCT_ROOT}/product","command":"python3 scripts/kg/validate.py --check-drift  # G8 post-move PASS","exit_code":0,"artifacts":["planning-mds/operations/evidence/runs/2026-07-25-273d5672/pm-closeout.md"],"redactions":[]}
{"schema_version":1,"timestamp":"2026-07-25T21:52:10-04:00","cwd":"{PRODUCT_ROOT}/framework","command":"python3 agents/product-manager/scripts/patch-prior-manifest.py --feature F0039 --new-run-id 2026-07-25-273d5672  # no prior approved manifests","exit_code":0,"artifacts":[],"redactions":[]}
{"schema_version":1,"timestamp":"2026-07-25T21:52:10-04:00","cwd":"{PRODUCT_ROOT}/framework","command":"python3 agents/scripts/capture-run-telemetry.py --run-id 2026-07-25-273d5672  # token-usage.json written","exit_code":0,"artifacts":[],"redactions":[]}
{"schema_version":1,"timestamp":"2026-07-25T21:55:46-04:00","cwd":"{PRODUCT_ROOT}","command":"python3 /home/gajap/uSandbox/repos/nebula/nebula-insurance-crm/scripts/kg/compile.py","exit_code":0,"artifacts":[],"redactions":[]}
{"schema_version":1,"timestamp":"2026-07-25T21:55:46-04:00","cwd":"nebula-agents","command":"python3 agents/product-manager/scripts/patch-prior-manifest.py --product-root /home/gajap/uSandbox/repos/nebula/nebula-insurance-crm --feature F0039 --new-run-id 2026-07-25-273d5672","exit_code":0,"artifacts":[],"redactions":[]}
{"schema_version":1,"timestamp":"2026-07-25T21:55:56-04:00","cwd":"{PRODUCT_ROOT}","command":"python3 /home/gajap/uSandbox/repos/nebula/nebula-insurance-crm/scripts/kg/validate.py --write-coverage-report","exit_code":0,"artifacts":[],"redactions":[]}
{"schema_version":1,"timestamp":"2026-07-25T21:56:02-04:00","cwd":"{PRODUCT_ROOT}","command":"python3 /home/gajap/uSandbox/repos/nebula/nebula-insurance-crm/scripts/kg/validate.py --check-drift","exit_code":0,"artifacts":[],"redactions":[]}
{"schema_version":1,"timestamp":"2026-07-25T21:56:02-04:00","cwd":"nebula-agents","command":"python3 agents/scripts/capture-run-telemetry.py --product-root /home/gajap/uSandbox/repos/nebula/nebula-insurance-crm --run-id 2026-07-25-273d5672","exit_code":0,"artifacts":[],"redactions":[]}
{"schema_version":1,"timestamp":"2026-07-25T21:56:02-04:00","cwd":"nebula-agents","command":"python3 agents/product-manager/scripts/validate-feature-evidence.py --product-root /home/gajap/uSandbox/repos/nebula/nebula-insurance-crm --feature F0039 --stage closeout","exit_code":0,"artifacts":[],"redactions":[]}
{"schema_version":1,"timestamp":"2026-07-25T21:56:03-04:00","cwd":"nebula-agents","command":"python3 agents/product-manager/scripts/validate-trackers.py --product-root /home/gajap/uSandbox/repos/nebula/nebula-insurance-crm --feature F0039 --run-id 2026-07-25-273d5672","exit_code":0,"artifacts":[],"redactions":[]}
